
> khadicraft-frontend@1.0.0 dev
> vite --port 3000

[33mThe CJS build of Vite's Node API is deprecated. See https://vite.dev/guide/troubleshooting.html#vite-cjs-node-api-deprecated for more details.[39m

  VITE v5.4.21  ready in 155 ms

  ➜  Local:   http://localhost:3000/
  ➜  Network: use --host to expose
9:13:36 PM [vite] hmr update /src/pages/admin/OrderDetail.jsx
9:13:58 PM [vite] hmr update /src/pages/admin/OrderDetail.jsx
9:13:58 PM [vite] Internal server error: /Users/riteshsharma/Downloads/khadicraft/frontend/src/pages/admin/OrderDetail.jsx: Unexpected token, expected "," (243:6)

  241 |       </div>
  242 |
> 243 |       {/* Tailor Modal */}
      |       ^
  244 |       {tailorModal && (
  245 |         <div className="modal-backdrop" onClick={() => setTailorModal(false)}>
  246 |           <div className="modal" onClick={e => e.stopPropagation()}>
  Plugin: vite:react-babel
  File: /Users/riteshsharma/Downloads/khadicraft/frontend/src/pages/admin/OrderDetail.jsx:243:6
  241|        </div>
  242|  
  243|        {/* Tailor Modal */}
     |        ^
  244|        {tailorModal && (
  245|          <div className="modal-backdrop" onClick={() => setTailorModal(false)}>
      at constructor (/Users/riteshsharma/Downloads/khadicraft/frontend/node_modules/@babel/parser/lib/index.js:365:19)
      at JSXParserMixin.raise (/Users/riteshsharma/Downloads/khadicraft/frontend/node_modules/@babel/parser/lib/index.js:6616:19)
      at JSXParserMixin.unexpected (/Users/riteshsharma/Downloads/khadicraft/frontend/node_modules/@babel/parser/lib/index.js:6636:16)
      at JSXParserMixin.expect (/Users/riteshsharma/Downloads/khadicraft/frontend/node_modules/@babel/parser/lib/index.js:6916:12)
      at JSXParserMixin.parseParenAndDistinguishExpression (/Users/riteshsharma/Downloads/khadicraft/frontend/node_modules/@babel/parser/lib/index.js:11678:14)
      at JSXParserMixin.parseExprAtom (/Users/riteshsharma/Downloads/khadicraft/frontend/node_modules/@babel/parser/lib/index.js:11348:23)
      at JSXParserMixin.parseExprAtom (/Users/riteshsharma/Downloads/khadicraft/frontend/node_modules/@babel/parser/lib/index.js:4776:20)
      at JSXParserMixin.parseExprSubscripts (/Users/riteshsharma/Downloads/khadicraft/frontend/node_modules/@babel/parser/lib/index.js:11098:23)
      at JSXParserMixin.parseUpdate (/Users/riteshsharma/Downloads/khadicraft/frontend/node_modules/@babel/parser/lib/index.js:11083:21)
      at JSXParserMixin.parseMaybeUnary (/Users/riteshsharma/Downloads/khadicraft/frontend/node_modules/@babel/parser/lib/index.js:11063:23)
      at JSXParserMixin.parseMaybeUnaryOrPrivate (/Users/riteshsharma/Downloads/khadicraft/frontend/node_modules/@babel/parser/lib/index.js:10916:61)
      at JSXParserMixin.parseExprOps (/Users/riteshsharma/Downloads/khadicraft/frontend/node_modules/@babel/parser/lib/index.js:10921:23)
      at JSXParserMixin.parseMaybeConditional (/Users/riteshsharma/Downloads/khadicraft/frontend/node_modules/@babel/parser/lib/index.js:10898:23)
      at JSXParserMixin.parseMaybeAssign (/Users/riteshsharma/Downloads/khadicraft/frontend/node_modules/@babel/parser/lib/index.js:10848:21)
      at JSXParserMixin.parseExpressionBase (/Users/riteshsharma/Downloads/khadicraft/frontend/node_modules/@babel/parser/lib/index.js:10801:23)
      at /Users/riteshsharma/Downloads/khadicraft/frontend/node_modules/@babel/parser/lib/index.js:10797:39
      at JSXParserMixin.allowInAnd (/Users/riteshsharma/Downloads/khadicraft/frontend/node_modules/@babel/parser/lib/index.js:12438:16)
      at JSXParserMixin.parseExpression (/Users/riteshsharma/Downloads/khadicraft/frontend/node_modules/@babel/parser/lib/index.js:10797:17)
      at JSXParserMixin.parseReturnStatement (/Users/riteshsharma/Downloads/khadicraft/frontend/node_modules/@babel/parser/lib/index.js:13159:28)
      at JSXParserMixin.parseStatementContent (/Users/riteshsharma/Downloads/khadicraft/frontend/node_modules/@babel/parser/lib/index.js:12815:21)
      at JSXParserMixin.parseStatementLike (/Users/riteshsharma/Downloads/khadicraft/frontend/node_modules/@babel/parser/lib/index.js:12784:17)
      at JSXParserMixin.parseStatementListItem (/Users/riteshsharma/Downloads/khadicraft/frontend/node_modules/@babel/parser/lib/index.js:12764:17)
      at JSXParserMixin.parseBlockOrModuleBlockBody (/Users/riteshsharma/Downloads/khadicraft/frontend/node_modules/@babel/parser/lib/index.js:13333:61)
      at JSXParserMixin.parseBlockBody (/Users/riteshsharma/Downloads/khadicraft/frontend/node_modules/@babel/parser/lib/index.js:13326:10)
      at JSXParserMixin.parseBlock (/Users/riteshsharma/Downloads/khadicraft/frontend/node_modules/@babel/parser/lib/index.js:13314:10)
      at JSXParserMixin.parseFunctionBody (/Users/riteshsharma/Downloads/khadicraft/frontend/node_modules/@babel/parser/lib/index.js:12117:24)
      at JSXParserMixin.parseFunctionBodyAndFinish (/Users/riteshsharma/Downloads/khadicraft/frontend/node_modules/@babel/parser/lib/index.js:12103:10)
      at /Users/riteshsharma/Downloads/khadicraft/frontend/node_modules/@babel/parser/lib/index.js:13462:12
      at JSXParserMixin.withSmartMixTopicForbiddingContext (/Users/riteshsharma/Downloads/khadicraft/frontend/node_modules/@babel/parser/lib/index.js:12420:14)
      at JSXParserMixin.parseFunction (/Users/riteshsharma/Downloads/khadicraft/frontend/node_modules/@babel/parser/lib/index.js:13461:10)
      at JSXParserMixin.parseExportDefaultExpression (/Users/riteshsharma/Downloads/khadicraft/frontend/node_modules/@babel/parser/lib/index.js:13924:19)
      at JSXParserMixin.parseExport (/Users/riteshsharma/Downloads/khadicraft/frontend/node_modules/@babel/parser/lib/index.js:13845:25)
      at JSXParserMixin.parseStatementContent (/Users/riteshsharma/Downloads/khadicraft/frontend/node_modules/@babel/parser/lib/index.js:12895:27)
      at JSXParserMixin.parseStatementLike (/Users/riteshsharma/Downloads/khadicraft/frontend/node_modules/@babel/parser/lib/index.js:12784:17)
      at JSXParserMixin.parseModuleItem (/Users/riteshsharma/Downloads/khadicraft/frontend/node_modules/@babel/parser/lib/index.js:12761:17)
      at JSXParserMixin.parseBlockOrModuleBlockBody (/Users/riteshsharma/Downloads/khadicraft/frontend/node_modules/@babel/parser/lib/index.js:13333:36)
      at JSXParserMixin.parseBlockBody (/Users/riteshsharma/Downloads/khadicraft/frontend/node_modules/@babel/parser/lib/index.js:13326:10)
      at JSXParserMixin.parseProgram (/Users/riteshsharma/Downloads/khadicraft/frontend/node_modules/@babel/parser/lib/index.js:12639:10)
      at JSXParserMixin.parseTopLevel (/Users/riteshsharma/Downloads/khadicraft/frontend/node_modules/@babel/parser/lib/index.js:12629:25)
      at JSXParserMixin.parse (/Users/riteshsharma/Downloads/khadicraft/frontend/node_modules/@babel/parser/lib/index.js:14505:25)
      at parse (/Users/riteshsharma/Downloads/khadicraft/frontend/node_modules/@babel/parser/lib/index.js:14539:38)
      at parser (/Users/riteshsharma/Downloads/khadicraft/frontend/node_modules/@babel/core/lib/parser/index.js:41:34)
      at parser.next (<anonymous>)
      at normalizeFile (/Users/riteshsharma/Downloads/khadicraft/frontend/node_modules/@babel/core/lib/transformation/normalize-file.js:64:37)
      at normalizeFile.next (<anonymous>)
      at run (/Users/riteshsharma/Downloads/khadicraft/frontend/node_modules/@babel/core/lib/transformation/index.js:22:50)
      at run.next (<anonymous>)
      at transform (/Users/riteshsharma/Downloads/khadicraft/frontend/node_modules/@babel/core/lib/transform.js:22:33)
      at transform.next (<anonymous>)
      at step (/Users/riteshsharma/Downloads/khadicraft/frontend/node_modules/gensync/index.js:261:32)
9:13:58 PM [vite] Internal server error: /Users/riteshsharma/Downloads/khadicraft/frontend/src/pages/admin/OrderDetail.jsx: Unexpected token, expected "," (243:6)

  241 |       </div>
  242 |
> 243 |       {/* Tailor Modal */}
      |       ^
  244 |       {tailorModal && (
  245 |         <div className="modal-backdrop" onClick={() => setTailorModal(false)}>
  246 |           <div className="modal" onClick={e => e.stopPropagation()}>
  Plugin: vite:react-babel
  File: /Users/riteshsharma/Downloads/khadicraft/frontend/src/pages/admin/OrderDetail.jsx:243:6
  241|        </div>
  242|  
  243|        {/* Tailor Modal */}
     |        ^
  244|        {tailorModal && (
  245|          <div className="modal-backdrop" onClick={() => setTailorModal(false)}>
      at constructor (/Users/riteshsharma/Downloads/khadicraft/frontend/node_modules/@babel/parser/lib/index.js:365:19)
      at JSXParserMixin.raise (/Users/riteshsharma/Downloads/khadicraft/frontend/node_modules/@babel/parser/lib/index.js:6616:19)
      at JSXParserMixin.unexpected (/Users/riteshsharma/Downloads/khadicraft/frontend/node_modules/@babel/parser/lib/index.js:6636:16)
      at JSXParserMixin.expect (/Users/riteshsharma/Downloads/khadicraft/frontend/node_modules/@babel/parser/lib/index.js:6916:12)
      at JSXParserMixin.parseParenAndDistinguishExpression (/Users/riteshsharma/Downloads/khadicraft/frontend/node_modules/@babel/parser/lib/index.js:11678:14)
      at JSXParserMixin.parseExprAtom (/Users/riteshsharma/Downloads/khadicraft/frontend/node_modules/@babel/parser/lib/index.js:11348:23)
      at JSXParserMixin.parseExprAtom (/Users/riteshsharma/Downloads/khadicraft/frontend/node_modules/@babel/parser/lib/index.js:4776:20)
      at JSXParserMixin.parseExprSubscripts (/Users/riteshsharma/Downloads/khadicraft/frontend/node_modules/@babel/parser/lib/index.js:11098:23)
      at JSXParserMixin.parseUpdate (/Users/riteshsharma/Downloads/khadicraft/frontend/node_modules/@babel/parser/lib/index.js:11083:21)
      at JSXParserMixin.parseMaybeUnary (/Users/riteshsharma/Downloads/khadicraft/frontend/node_modules/@babel/parser/lib/index.js:11063:23)
      at JSXParserMixin.parseMaybeUnaryOrPrivate (/Users/riteshsharma/Downloads/khadicraft/frontend/node_modules/@babel/parser/lib/index.js:10916:61)
      at JSXParserMixin.parseExprOps (/Users/riteshsharma/Downloads/khadicraft/frontend/node_modules/@babel/parser/lib/index.js:10921:23)
      at JSXParserMixin.parseMaybeConditional (/Users/riteshsharma/Downloads/khadicraft/frontend/node_modules/@babel/parser/lib/index.js:10898:23)
      at JSXParserMixin.parseMaybeAssign (/Users/riteshsharma/Downloads/khadicraft/frontend/node_modules/@babel/parser/lib/index.js:10848:21)
      at JSXParserMixin.parseExpressionBase (/Users/riteshsharma/Downloads/khadicraft/frontend/node_modules/@babel/parser/lib/index.js:10801:23)
      at /Users/riteshsharma/Downloads/khadicraft/frontend/node_modules/@babel/parser/lib/index.js:10797:39
      at JSXParserMixin.allowInAnd (/Users/riteshsharma/Downloads/khadicraft/frontend/node_modules/@babel/parser/lib/index.js:12438:16)
      at JSXParserMixin.parseExpression (/Users/riteshsharma/Downloads/khadicraft/frontend/node_modules/@babel/parser/lib/index.js:10797:17)
      at JSXParserMixin.parseReturnStatement (/Users/riteshsharma/Downloads/khadicraft/frontend/node_modules/@babel/parser/lib/index.js:13159:28)
      at JSXParserMixin.parseStatementContent (/Users/riteshsharma/Downloads/khadicraft/frontend/node_modules/@babel/parser/lib/index.js:12815:21)
      at JSXParserMixin.parseStatementLike (/Users/riteshsharma/Downloads/khadicraft/frontend/node_modules/@babel/parser/lib/index.js:12784:17)
      at JSXParserMixin.parseStatementListItem (/Users/riteshsharma/Downloads/khadicraft/frontend/node_modules/@babel/parser/lib/index.js:12764:17)
      at JSXParserMixin.parseBlockOrModuleBlockBody (/Users/riteshsharma/Downloads/khadicraft/frontend/node_modules/@babel/parser/lib/index.js:13333:61)
      at JSXParserMixin.parseBlockBody (/Users/riteshsharma/Downloads/khadicraft/frontend/node_modules/@babel/parser/lib/index.js:13326:10)
      at JSXParserMixin.parseBlock (/Users/riteshsharma/Downloads/khadicraft/frontend/node_modules/@babel/parser/lib/index.js:13314:10)
      at JSXParserMixin.parseFunctionBody (/Users/riteshsharma/Downloads/khadicraft/frontend/node_modules/@babel/parser/lib/index.js:12117:24)
      at JSXParserMixin.parseFunctionBodyAndFinish (/Users/riteshsharma/Downloads/khadicraft/frontend/node_modules/@babel/parser/lib/index.js:12103:10)
      at /Users/riteshsharma/Downloads/khadicraft/frontend/node_modules/@babel/parser/lib/index.js:13462:12
      at JSXParserMixin.withSmartMixTopicForbiddingContext (/Users/riteshsharma/Downloads/khadicraft/frontend/node_modules/@babel/parser/lib/index.js:12420:14)
      at JSXParserMixin.parseFunction (/Users/riteshsharma/Downloads/khadicraft/frontend/node_modules/@babel/parser/lib/index.js:13461:10)
      at JSXParserMixin.parseExportDefaultExpression (/Users/riteshsharma/Downloads/khadicraft/frontend/node_modules/@babel/parser/lib/index.js:13924:19)
      at JSXParserMixin.parseExport (/Users/riteshsharma/Downloads/khadicraft/frontend/node_modules/@babel/parser/lib/index.js:13845:25)
      at JSXParserMixin.parseStatementContent (/Users/riteshsharma/Downloads/khadicraft/frontend/node_modules/@babel/parser/lib/index.js:12895:27)
      at JSXParserMixin.parseStatementLike (/Users/riteshsharma/Downloads/khadicraft/frontend/node_modules/@babel/parser/lib/index.js:12784:17)
      at JSXParserMixin.parseModuleItem (/Users/riteshsharma/Downloads/khadicraft/frontend/node_modules/@babel/parser/lib/index.js:12761:17)
      at JSXParserMixin.parseBlockOrModuleBlockBody (/Users/riteshsharma/Downloads/khadicraft/frontend/node_modules/@babel/parser/lib/index.js:13333:36)
      at JSXParserMixin.parseBlockBody (/Users/riteshsharma/Downloads/khadicraft/frontend/node_modules/@babel/parser/lib/index.js:13326:10)
      at JSXParserMixin.parseProgram (/Users/riteshsharma/Downloads/khadicraft/frontend/node_modules/@babel/parser/lib/index.js:12639:10)
      at JSXParserMixin.parseTopLevel (/Users/riteshsharma/Downloads/khadicraft/frontend/node_modules/@babel/parser/lib/index.js:12629:25)
      at JSXParserMixin.parse (/Users/riteshsharma/Downloads/khadicraft/frontend/node_modules/@babel/parser/lib/index.js:14505:25)
      at parse (/Users/riteshsharma/Downloads/khadicraft/frontend/node_modules/@babel/parser/lib/index.js:14539:38)
      at parser (/Users/riteshsharma/Downloads/khadicraft/frontend/node_modules/@babel/core/lib/parser/index.js:41:34)
      at parser.next (<anonymous>)
      at normalizeFile (/Users/riteshsharma/Downloads/khadicraft/frontend/node_modules/@babel/core/lib/transformation/normalize-file.js:64:37)
      at normalizeFile.next (<anonymous>)
      at run (/Users/riteshsharma/Downloads/khadicraft/frontend/node_modules/@babel/core/lib/transformation/index.js:22:50)
      at run.next (<anonymous>)
      at transform (/Users/riteshsharma/Downloads/khadicraft/frontend/node_modules/@babel/core/lib/transform.js:22:33)
      at transform.next (<anonymous>)
      at step (/Users/riteshsharma/Downloads/khadicraft/frontend/node_modules/gensync/index.js:261:32)
9:13:58 PM [vite] Internal server error: /Users/riteshsharma/Downloads/khadicraft/frontend/src/pages/admin/OrderDetail.jsx: Unexpected token, expected "," (243:6)

  241 |       </div>
  242 |
> 243 |       {/* Tailor Modal */}
      |       ^
  244 |       {tailorModal && (
  245 |         <div className="modal-backdrop" onClick={() => setTailorModal(false)}>
  246 |           <div className="modal" onClick={e => e.stopPropagation()}>
  Plugin: vite:react-babel
  File: /Users/riteshsharma/Downloads/khadicraft/frontend/src/pages/admin/OrderDetail.jsx:243:6
  241|        </div>
  242|  
  243|        {/* Tailor Modal */}
     |        ^
  244|        {tailorModal && (
  245|          <div className="modal-backdrop" onClick={() => setTailorModal(false)}>
      at constructor (/Users/riteshsharma/Downloads/khadicraft/frontend/node_modules/@babel/parser/lib/index.js:365:19)
      at JSXParserMixin.raise (/Users/riteshsharma/Downloads/khadicraft/frontend/node_modules/@babel/parser/lib/index.js:6616:19)
      at JSXParserMixin.unexpected (/Users/riteshsharma/Downloads/khadicraft/frontend/node_modules/@babel/parser/lib/index.js:6636:16)
      at JSXParserMixin.expect (/Users/riteshsharma/Downloads/khadicraft/frontend/node_modules/@babel/parser/lib/index.js:6916:12)
      at JSXParserMixin.parseParenAndDistinguishExpression (/Users/riteshsharma/Downloads/khadicraft/frontend/node_modules/@babel/parser/lib/index.js:11678:14)
      at JSXParserMixin.parseExprAtom (/Users/riteshsharma/Downloads/khadicraft/frontend/node_modules/@babel/parser/lib/index.js:11348:23)
      at JSXParserMixin.parseExprAtom (/Users/riteshsharma/Downloads/khadicraft/frontend/node_modules/@babel/parser/lib/index.js:4776:20)
      at JSXParserMixin.parseExprSubscripts (/Users/riteshsharma/Downloads/khadicraft/frontend/node_modules/@babel/parser/lib/index.js:11098:23)
      at JSXParserMixin.parseUpdate (/Users/riteshsharma/Downloads/khadicraft/frontend/node_modules/@babel/parser/lib/index.js:11083:21)
      at JSXParserMixin.parseMaybeUnary (/Users/riteshsharma/Downloads/khadicraft/frontend/node_modules/@babel/parser/lib/index.js:11063:23)
      at JSXParserMixin.parseMaybeUnaryOrPrivate (/Users/riteshsharma/Downloads/khadicraft/frontend/node_modules/@babel/parser/lib/index.js:10916:61)
      at JSXParserMixin.parseExprOps (/Users/riteshsharma/Downloads/khadicraft/frontend/node_modules/@babel/parser/lib/index.js:10921:23)
      at JSXParserMixin.parseMaybeConditional (/Users/riteshsharma/Downloads/khadicraft/frontend/node_modules/@babel/parser/lib/index.js:10898:23)
      at JSXParserMixin.parseMaybeAssign (/Users/riteshsharma/Downloads/khadicraft/frontend/node_modules/@babel/parser/lib/index.js:10848:21)
      at JSXParserMixin.parseExpressionBase (/Users/riteshsharma/Downloads/khadicraft/frontend/node_modules/@babel/parser/lib/index.js:10801:23)
      at /Users/riteshsharma/Downloads/khadicraft/frontend/node_modules/@babel/parser/lib/index.js:10797:39
      at JSXParserMixin.allowInAnd (/Users/riteshsharma/Downloads/khadicraft/frontend/node_modules/@babel/parser/lib/index.js:12438:16)
      at JSXParserMixin.parseExpression (/Users/riteshsharma/Downloads/khadicraft/frontend/node_modules/@babel/parser/lib/index.js:10797:17)
      at JSXParserMixin.parseReturnStatement (/Users/riteshsharma/Downloads/khadicraft/frontend/node_modules/@babel/parser/lib/index.js:13159:28)
      at JSXParserMixin.parseStatementContent (/Users/riteshsharma/Downloads/khadicraft/frontend/node_modules/@babel/parser/lib/index.js:12815:21)
      at JSXParserMixin.parseStatementLike (/Users/riteshsharma/Downloads/khadicraft/frontend/node_modules/@babel/parser/lib/index.js:12784:17)
      at JSXParserMixin.parseStatementListItem (/Users/riteshsharma/Downloads/khadicraft/frontend/node_modules/@babel/parser/lib/index.js:12764:17)
      at JSXParserMixin.parseBlockOrModuleBlockBody (/Users/riteshsharma/Downloads/khadicraft/frontend/node_modules/@babel/parser/lib/index.js:13333:61)
      at JSXParserMixin.parseBlockBody (/Users/riteshsharma/Downloads/khadicraft/frontend/node_modules/@babel/parser/lib/index.js:13326:10)
      at JSXParserMixin.parseBlock (/Users/riteshsharma/Downloads/khadicraft/frontend/node_modules/@babel/parser/lib/index.js:13314:10)
      at JSXParserMixin.parseFunctionBody (/Users/riteshsharma/Downloads/khadicraft/frontend/node_modules/@babel/parser/lib/index.js:12117:24)
      at JSXParserMixin.parseFunctionBodyAndFinish (/Users/riteshsharma/Downloads/khadicraft/frontend/node_modules/@babel/parser/lib/index.js:12103:10)
      at /Users/riteshsharma/Downloads/khadicraft/frontend/node_modules/@babel/parser/lib/index.js:13462:12
      at JSXParserMixin.withSmartMixTopicForbiddingContext (/Users/riteshsharma/Downloads/khadicraft/frontend/node_modules/@babel/parser/lib/index.js:12420:14)
      at JSXParserMixin.parseFunction (/Users/riteshsharma/Downloads/khadicraft/frontend/node_modules/@babel/parser/lib/index.js:13461:10)
      at JSXParserMixin.parseExportDefaultExpression (/Users/riteshsharma/Downloads/khadicraft/frontend/node_modules/@babel/parser/lib/index.js:13924:19)
      at JSXParserMixin.parseExport (/Users/riteshsharma/Downloads/khadicraft/frontend/node_modules/@babel/parser/lib/index.js:13845:25)
      at JSXParserMixin.parseStatementContent (/Users/riteshsharma/Downloads/khadicraft/frontend/node_modules/@babel/parser/lib/index.js:12895:27)
      at JSXParserMixin.parseStatementLike (/Users/riteshsharma/Downloads/khadicraft/frontend/node_modules/@babel/parser/lib/index.js:12784:17)
      at JSXParserMixin.parseModuleItem (/Users/riteshsharma/Downloads/khadicraft/frontend/node_modules/@babel/parser/lib/index.js:12761:17)
      at JSXParserMixin.parseBlockOrModuleBlockBody (/Users/riteshsharma/Downloads/khadicraft/frontend/node_modules/@babel/parser/lib/index.js:13333:36)
      at JSXParserMixin.parseBlockBody (/Users/riteshsharma/Downloads/khadicraft/frontend/node_modules/@babel/parser/lib/index.js:13326:10)
      at JSXParserMixin.parseProgram (/Users/riteshsharma/Downloads/khadicraft/frontend/node_modules/@babel/parser/lib/index.js:12639:10)
      at JSXParserMixin.parseTopLevel (/Users/riteshsharma/Downloads/khadicraft/frontend/node_modules/@babel/parser/lib/index.js:12629:25)
      at JSXParserMixin.parse (/Users/riteshsharma/Downloads/khadicraft/frontend/node_modules/@babel/parser/lib/index.js:14505:25)
      at parse (/Users/riteshsharma/Downloads/khadicraft/frontend/node_modules/@babel/parser/lib/index.js:14539:38)
      at parser (/Users/riteshsharma/Downloads/khadicraft/frontend/node_modules/@babel/core/lib/parser/index.js:41:34)
      at parser.next (<anonymous>)
      at normalizeFile (/Users/riteshsharma/Downloads/khadicraft/frontend/node_modules/@babel/core/lib/transformation/normalize-file.js:64:37)
      at normalizeFile.next (<anonymous>)
      at run (/Users/riteshsharma/Downloads/khadicraft/frontend/node_modules/@babel/core/lib/transformation/index.js:22:50)
      at run.next (<anonymous>)
      at transform (/Users/riteshsharma/Downloads/khadicraft/frontend/node_modules/@babel/core/lib/transform.js:22:33)
      at transform.next (<anonymous>)
      at step (/Users/riteshsharma/Downloads/khadicraft/frontend/node_modules/gensync/index.js:261:32)
9:14:15 PM [vite] hmr update /src/App.jsx, /src/components/ui/CustomerLayout.jsx, /src/pages/auth/Login.jsx, /src/components/admin/AdminLayout.jsx, /src/components/admin/TailorLayout.jsx, /src/pages/auth/Register.jsx, /src/pages/Shop.jsx, /src/pages/ProductDetail.jsx, /src/pages/Cart.jsx, /src/pages/CustomTailoring.jsx, /src/pages/Checkout.jsx, /src/pages/account/Dashboard.jsx, /src/pages/account/Profile.jsx, /src/pages/tailor/Dashboard.jsx, /src/components/ui/RoleGuard.jsx, /src/pages/auth/ForgotPassword.jsx, /src/pages/auth/ResetPassword.jsx, /src/pages/auth/VerifyOtp.jsx, /src/pages/Home.jsx, /src/pages/TrackOrder.jsx, /src/pages/BookAppointment.jsx, /src/pages/Appointments.jsx, /src/pages/account/MyOrders.jsx, /src/pages/Wholesale.jsx, /src/pages/account/CustomOrders.jsx, /src/pages/account/CustomOrderDetail.jsx, /src/pages/account/OrderDetail.jsx, /src/pages/account/MyAppointments.jsx, /src/pages/account/Addresses.jsx, /src/pages/account/Measurements.jsx, /src/pages/account/Notifications.jsx, /src/pages/admin/Dashboard.jsx, /src/pages/admin/Products.jsx, /src/pages/admin/ProductForm.jsx, /src/pages/admin/Orders.jsx, /src/pages/admin/Categories.jsx, /src/pages/admin/OrderDetail.jsx, /src/pages/admin/CustomOrders.jsx, /src/pages/admin/Inventory.jsx, /src/pages/admin/Appointments.jsx, /src/pages/admin/Wholesale.jsx, /src/pages/admin/Users.jsx, /src/pages/admin/CustomOrderDetail.jsx, /src/pages/admin/Banners.jsx, /src/pages/admin/Settings.jsx, /src/pages/admin/Reports.jsx, /src/pages/tailor/Orders.jsx, /src/pages/tailor/OrderDetail.jsx, /src/components/ui/ChatBot.jsx
9:14:15 PM [vite] Pre-transform error: /Users/riteshsharma/Downloads/khadicraft/frontend/src/pages/admin/OrderDetail.jsx: Unexpected token, expected "," (243:6)

  241 |       </div>
  242 |
> 243 |       {/* Tailor Modal */}
      |       ^
  244 |       {tailorModal && (
  245 |         <div className="modal-backdrop" onClick={() => setTailorModal(false)}>
  246 |           <div className="modal" onClick={e => e.stopPropagation()}>
9:14:15 PM [vite] Internal server error: /Users/riteshsharma/Downloads/khadicraft/frontend/src/pages/admin/OrderDetail.jsx: Unexpected token, expected "," (243:6)

  241 |       </div>
  242 |
> 243 |       {/* Tailor Modal */}
      |       ^
  244 |       {tailorModal && (
  245 |         <div className="modal-backdrop" onClick={() => setTailorModal(false)}>
  246 |           <div className="modal" onClick={e => e.stopPropagation()}>
  Plugin: vite:react-babel
  File: /Users/riteshsharma/Downloads/khadicraft/frontend/src/pages/admin/OrderDetail.jsx:243:6
  241|        </div>
  242|  
  243|        {/* Tailor Modal */}
     |        ^
  244|        {tailorModal && (
  245|          <div className="modal-backdrop" onClick={() => setTailorModal(false)}>
      at constructor (/Users/riteshsharma/Downloads/khadicraft/frontend/node_modules/@babel/parser/lib/index.js:365:19)
      at JSXParserMixin.raise (/Users/riteshsharma/Downloads/khadicraft/frontend/node_modules/@babel/parser/lib/index.js:6616:19)
      at JSXParserMixin.unexpected (/Users/riteshsharma/Downloads/khadicraft/frontend/node_modules/@babel/parser/lib/index.js:6636:16)
      at JSXParserMixin.expect (/Users/riteshsharma/Downloads/khadicraft/frontend/node_modules/@babel/parser/lib/index.js:6916:12)
      at JSXParserMixin.parseParenAndDistinguishExpression (/Users/riteshsharma/Downloads/khadicraft/frontend/node_modules/@babel/parser/lib/index.js:11678:14)
      at JSXParserMixin.parseExprAtom (/Users/riteshsharma/Downloads/khadicraft/frontend/node_modules/@babel/parser/lib/index.js:11348:23)
      at JSXParserMixin.parseExprAtom (/Users/riteshsharma/Downloads/khadicraft/frontend/node_modules/@babel/parser/lib/index.js:4776:20)
      at JSXParserMixin.parseExprSubscripts (/Users/riteshsharma/Downloads/khadicraft/frontend/node_modules/@babel/parser/lib/index.js:11098:23)
      at JSXParserMixin.parseUpdate (/Users/riteshsharma/Downloads/khadicraft/frontend/node_modules/@babel/parser/lib/index.js:11083:21)
      at JSXParserMixin.parseMaybeUnary (/Users/riteshsharma/Downloads/khadicraft/frontend/node_modules/@babel/parser/lib/index.js:11063:23)
      at JSXParserMixin.parseMaybeUnaryOrPrivate (/Users/riteshsharma/Downloads/khadicraft/frontend/node_modules/@babel/parser/lib/index.js:10916:61)
      at JSXParserMixin.parseExprOps (/Users/riteshsharma/Downloads/khadicraft/frontend/node_modules/@babel/parser/lib/index.js:10921:23)
      at JSXParserMixin.parseMaybeConditional (/Users/riteshsharma/Downloads/khadicraft/frontend/node_modules/@babel/parser/lib/index.js:10898:23)
      at JSXParserMixin.parseMaybeAssign (/Users/riteshsharma/Downloads/khadicraft/frontend/node_modules/@babel/parser/lib/index.js:10848:21)
      at JSXParserMixin.parseExpressionBase (/Users/riteshsharma/Downloads/khadicraft/frontend/node_modules/@babel/parser/lib/index.js:10801:23)
      at /Users/riteshsharma/Downloads/khadicraft/frontend/node_modules/@babel/parser/lib/index.js:10797:39
      at JSXParserMixin.allowInAnd (/Users/riteshsharma/Downloads/khadicraft/frontend/node_modules/@babel/parser/lib/index.js:12438:16)
      at JSXParserMixin.parseExpression (/Users/riteshsharma/Downloads/khadicraft/frontend/node_modules/@babel/parser/lib/index.js:10797:17)
      at JSXParserMixin.parseReturnStatement (/Users/riteshsharma/Downloads/khadicraft/frontend/node_modules/@babel/parser/lib/index.js:13159:28)
      at JSXParserMixin.parseStatementContent (/Users/riteshsharma/Downloads/khadicraft/frontend/node_modules/@babel/parser/lib/index.js:12815:21)
      at JSXParserMixin.parseStatementLike (/Users/riteshsharma/Downloads/khadicraft/frontend/node_modules/@babel/parser/lib/index.js:12784:17)
      at JSXParserMixin.parseStatementListItem (/Users/riteshsharma/Downloads/khadicraft/frontend/node_modules/@babel/parser/lib/index.js:12764:17)
      at JSXParserMixin.parseBlockOrModuleBlockBody (/Users/riteshsharma/Downloads/khadicraft/frontend/node_modules/@babel/parser/lib/index.js:13333:61)
      at JSXParserMixin.parseBlockBody (/Users/riteshsharma/Downloads/khadicraft/frontend/node_modules/@babel/parser/lib/index.js:13326:10)
      at JSXParserMixin.parseBlock (/Users/riteshsharma/Downloads/khadicraft/frontend/node_modules/@babel/parser/lib/index.js:13314:10)
      at JSXParserMixin.parseFunctionBody (/Users/riteshsharma/Downloads/khadicraft/frontend/node_modules/@babel/parser/lib/index.js:12117:24)
      at JSXParserMixin.parseFunctionBodyAndFinish (/Users/riteshsharma/Downloads/khadicraft/frontend/node_modules/@babel/parser/lib/index.js:12103:10)
      at /Users/riteshsharma/Downloads/khadicraft/frontend/node_modules/@babel/parser/lib/index.js:13462:12
      at JSXParserMixin.withSmartMixTopicForbiddingContext (/Users/riteshsharma/Downloads/khadicraft/frontend/node_modules/@babel/parser/lib/index.js:12420:14)
      at JSXParserMixin.parseFunction (/Users/riteshsharma/Downloads/khadicraft/frontend/node_modules/@babel/parser/lib/index.js:13461:10)
      at JSXParserMixin.parseExportDefaultExpression (/Users/riteshsharma/Downloads/khadicraft/frontend/node_modules/@babel/parser/lib/index.js:13924:19)
      at JSXParserMixin.parseExport (/Users/riteshsharma/Downloads/khadicraft/frontend/node_modules/@babel/parser/lib/index.js:13845:25)
      at JSXParserMixin.parseStatementContent (/Users/riteshsharma/Downloads/khadicraft/frontend/node_modules/@babel/parser/lib/index.js:12895:27)
      at JSXParserMixin.parseStatementLike (/Users/riteshsharma/Downloads/khadicraft/frontend/node_modules/@babel/parser/lib/index.js:12784:17)
      at JSXParserMixin.parseModuleItem (/Users/riteshsharma/Downloads/khadicraft/frontend/node_modules/@babel/parser/lib/index.js:12761:17)
      at JSXParserMixin.parseBlockOrModuleBlockBody (/Users/riteshsharma/Downloads/khadicraft/frontend/node_modules/@babel/parser/lib/index.js:13333:36)
      at JSXParserMixin.parseBlockBody (/Users/riteshsharma/Downloads/khadicraft/frontend/node_modules/@babel/parser/lib/index.js:13326:10)
      at JSXParserMixin.parseProgram (/Users/riteshsharma/Downloads/khadicraft/frontend/node_modules/@babel/parser/lib/index.js:12639:10)
      at JSXParserMixin.parseTopLevel (/Users/riteshsharma/Downloads/khadicraft/frontend/node_modules/@babel/parser/lib/index.js:12629:25)
      at JSXParserMixin.parse (/Users/riteshsharma/Downloads/khadicraft/frontend/node_modules/@babel/parser/lib/index.js:14505:25)
      at parse (/Users/riteshsharma/Downloads/khadicraft/frontend/node_modules/@babel/parser/lib/index.js:14539:38)
      at parser (/Users/riteshsharma/Downloads/khadicraft/frontend/node_modules/@babel/core/lib/parser/index.js:41:34)
      at parser.next (<anonymous>)
      at normalizeFile (/Users/riteshsharma/Downloads/khadicraft/frontend/node_modules/@babel/core/lib/transformation/normalize-file.js:64:37)
      at normalizeFile.next (<anonymous>)
      at run (/Users/riteshsharma/Downloads/khadicraft/frontend/node_modules/@babel/core/lib/transformation/index.js:22:50)
      at run.next (<anonymous>)
      at transform (/Users/riteshsharma/Downloads/khadicraft/frontend/node_modules/@babel/core/lib/transform.js:22:33)
      at transform.next (<anonymous>)
      at step (/Users/riteshsharma/Downloads/khadicraft/frontend/node_modules/gensync/index.js:261:32)
9:14:15 PM [vite] Internal server error: /Users/riteshsharma/Downloads/khadicraft/frontend/src/pages/admin/OrderDetail.jsx: Unexpected token, expected "," (243:6)

  241 |       </div>
  242 |
> 243 |       {/* Tailor Modal */}
      |       ^
  244 |       {tailorModal && (
  245 |         <div className="modal-backdrop" onClick={() => setTailorModal(false)}>
  246 |           <div className="modal" onClick={e => e.stopPropagation()}>
  Plugin: vite:react-babel
  File: /Users/riteshsharma/Downloads/khadicraft/frontend/src/pages/admin/OrderDetail.jsx:243:6
  241|        </div>
  242|  
  243|        {/* Tailor Modal */}
     |        ^
  244|        {tailorModal && (
  245|          <div className="modal-backdrop" onClick={() => setTailorModal(false)}>
      at constructor (/Users/riteshsharma/Downloads/khadicraft/frontend/node_modules/@babel/parser/lib/index.js:365:19)
      at JSXParserMixin.raise (/Users/riteshsharma/Downloads/khadicraft/frontend/node_modules/@babel/parser/lib/index.js:6616:19)
      at JSXParserMixin.unexpected (/Users/riteshsharma/Downloads/khadicraft/frontend/node_modules/@babel/parser/lib/index.js:6636:16)
      at JSXParserMixin.expect (/Users/riteshsharma/Downloads/khadicraft/frontend/node_modules/@babel/parser/lib/index.js:6916:12)
      at JSXParserMixin.parseParenAndDistinguishExpression (/Users/riteshsharma/Downloads/khadicraft/frontend/node_modules/@babel/parser/lib/index.js:11678:14)
      at JSXParserMixin.parseExprAtom (/Users/riteshsharma/Downloads/khadicraft/frontend/node_modules/@babel/parser/lib/index.js:11348:23)
      at JSXParserMixin.parseExprAtom (/Users/riteshsharma/Downloads/khadicraft/frontend/node_modules/@babel/parser/lib/index.js:4776:20)
      at JSXParserMixin.parseExprSubscripts (/Users/riteshsharma/Downloads/khadicraft/frontend/node_modules/@babel/parser/lib/index.js:11098:23)
      at JSXParserMixin.parseUpdate (/Users/riteshsharma/Downloads/khadicraft/frontend/node_modules/@babel/parser/lib/index.js:11083:21)
      at JSXParserMixin.parseMaybeUnary (/Users/riteshsharma/Downloads/khadicraft/frontend/node_modules/@babel/parser/lib/index.js:11063:23)
      at JSXParserMixin.parseMaybeUnaryOrPrivate (/Users/riteshsharma/Downloads/khadicraft/frontend/node_modules/@babel/parser/lib/index.js:10916:61)
      at JSXParserMixin.parseExprOps (/Users/riteshsharma/Downloads/khadicraft/frontend/node_modules/@babel/parser/lib/index.js:10921:23)
      at JSXParserMixin.parseMaybeConditional (/Users/riteshsharma/Downloads/khadicraft/frontend/node_modules/@babel/parser/lib/index.js:10898:23)
      at JSXParserMixin.parseMaybeAssign (/Users/riteshsharma/Downloads/khadicraft/frontend/node_modules/@babel/parser/lib/index.js:10848:21)
      at JSXParserMixin.parseExpressionBase (/Users/riteshsharma/Downloads/khadicraft/frontend/node_modules/@babel/parser/lib/index.js:10801:23)
      at /Users/riteshsharma/Downloads/khadicraft/frontend/node_modules/@babel/parser/lib/index.js:10797:39
      at JSXParserMixin.allowInAnd (/Users/riteshsharma/Downloads/khadicraft/frontend/node_modules/@babel/parser/lib/index.js:12438:16)
      at JSXParserMixin.parseExpression (/Users/riteshsharma/Downloads/khadicraft/frontend/node_modules/@babel/parser/lib/index.js:10797:17)
      at JSXParserMixin.parseReturnStatement (/Users/riteshsharma/Downloads/khadicraft/frontend/node_modules/@babel/parser/lib/index.js:13159:28)
      at JSXParserMixin.parseStatementContent (/Users/riteshsharma/Downloads/khadicraft/frontend/node_modules/@babel/parser/lib/index.js:12815:21)
      at JSXParserMixin.parseStatementLike (/Users/riteshsharma/Downloads/khadicraft/frontend/node_modules/@babel/parser/lib/index.js:12784:17)
      at JSXParserMixin.parseStatementListItem (/Users/riteshsharma/Downloads/khadicraft/frontend/node_modules/@babel/parser/lib/index.js:12764:17)
      at JSXParserMixin.parseBlockOrModuleBlockBody (/Users/riteshsharma/Downloads/khadicraft/frontend/node_modules/@babel/parser/lib/index.js:13333:61)
      at JSXParserMixin.parseBlockBody (/Users/riteshsharma/Downloads/khadicraft/frontend/node_modules/@babel/parser/lib/index.js:13326:10)
      at JSXParserMixin.parseBlock (/Users/riteshsharma/Downloads/khadicraft/frontend/node_modules/@babel/parser/lib/index.js:13314:10)
      at JSXParserMixin.parseFunctionBody (/Users/riteshsharma/Downloads/khadicraft/frontend/node_modules/@babel/parser/lib/index.js:12117:24)
      at JSXParserMixin.parseFunctionBodyAndFinish (/Users/riteshsharma/Downloads/khadicraft/frontend/node_modules/@babel/parser/lib/index.js:12103:10)
      at /Users/riteshsharma/Downloads/khadicraft/frontend/node_modules/@babel/parser/lib/index.js:13462:12
      at JSXParserMixin.withSmartMixTopicForbiddingContext (/Users/riteshsharma/Downloads/khadicraft/frontend/node_modules/@babel/parser/lib/index.js:12420:14)
      at JSXParserMixin.parseFunction (/Users/riteshsharma/Downloads/khadicraft/frontend/node_modules/@babel/parser/lib/index.js:13461:10)
      at JSXParserMixin.parseExportDefaultExpression (/Users/riteshsharma/Downloads/khadicraft/frontend/node_modules/@babel/parser/lib/index.js:13924:19)
      at JSXParserMixin.parseExport (/Users/riteshsharma/Downloads/khadicraft/frontend/node_modules/@babel/parser/lib/index.js:13845:25)
      at JSXParserMixin.parseStatementContent (/Users/riteshsharma/Downloads/khadicraft/frontend/node_modules/@babel/parser/lib/index.js:12895:27)
      at JSXParserMixin.parseStatementLike (/Users/riteshsharma/Downloads/khadicraft/frontend/node_modules/@babel/parser/lib/index.js:12784:17)
      at JSXParserMixin.parseModuleItem (/Users/riteshsharma/Downloads/khadicraft/frontend/node_modules/@babel/parser/lib/index.js:12761:17)
      at JSXParserMixin.parseBlockOrModuleBlockBody (/Users/riteshsharma/Downloads/khadicraft/frontend/node_modules/@babel/parser/lib/index.js:13333:36)
      at JSXParserMixin.parseBlockBody (/Users/riteshsharma/Downloads/khadicraft/frontend/node_modules/@babel/parser/lib/index.js:13326:10)
      at JSXParserMixin.parseProgram (/Users/riteshsharma/Downloads/khadicraft/frontend/node_modules/@babel/parser/lib/index.js:12639:10)
      at JSXParserMixin.parseTopLevel (/Users/riteshsharma/Downloads/khadicraft/frontend/node_modules/@babel/parser/lib/index.js:12629:25)
      at JSXParserMixin.parse (/Users/riteshsharma/Downloads/khadicraft/frontend/node_modules/@babel/parser/lib/index.js:14505:25)
      at parse (/Users/riteshsharma/Downloads/khadicraft/frontend/node_modules/@babel/parser/lib/index.js:14539:38)
      at parser (/Users/riteshsharma/Downloads/khadicraft/frontend/node_modules/@babel/core/lib/parser/index.js:41:34)
      at parser.next (<anonymous>)
      at normalizeFile (/Users/riteshsharma/Downloads/khadicraft/frontend/node_modules/@babel/core/lib/transformation/normalize-file.js:64:37)
      at normalizeFile.next (<anonymous>)
      at run (/Users/riteshsharma/Downloads/khadicraft/frontend/node_modules/@babel/core/lib/transformation/index.js:22:50)
      at run.next (<anonymous>)
      at transform (/Users/riteshsharma/Downloads/khadicraft/frontend/node_modules/@babel/core/lib/transform.js:22:33)
      at transform.next (<anonymous>)
      at step (/Users/riteshsharma/Downloads/khadicraft/frontend/node_modules/gensync/index.js:261:32)
9:14:15 PM [vite] Internal server error: /Users/riteshsharma/Downloads/khadicraft/frontend/src/pages/admin/OrderDetail.jsx: Unexpected token, expected "," (243:6)

  241 |       </div>
  242 |
> 243 |       {/* Tailor Modal */}
      |       ^
  244 |       {tailorModal && (
  245 |         <div className="modal-backdrop" onClick={() => setTailorModal(false)}>
  246 |           <div className="modal" onClick={e => e.stopPropagation()}>
  Plugin: vite:react-babel
  File: /Users/riteshsharma/Downloads/khadicraft/frontend/src/pages/admin/OrderDetail.jsx:243:6
  241|        </div>
  242|  
  243|        {/* Tailor Modal */}
     |        ^
  244|        {tailorModal && (
  245|          <div className="modal-backdrop" onClick={() => setTailorModal(false)}>
      at constructor (/Users/riteshsharma/Downloads/khadicraft/frontend/node_modules/@babel/parser/lib/index.js:365:19)
      at JSXParserMixin.raise (/Users/riteshsharma/Downloads/khadicraft/frontend/node_modules/@babel/parser/lib/index.js:6616:19)
      at JSXParserMixin.unexpected (/Users/riteshsharma/Downloads/khadicraft/frontend/node_modules/@babel/parser/lib/index.js:6636:16)
      at JSXParserMixin.expect (/Users/riteshsharma/Downloads/khadicraft/frontend/node_modules/@babel/parser/lib/index.js:6916:12)
      at JSXParserMixin.parseParenAndDistinguishExpression (/Users/riteshsharma/Downloads/khadicraft/frontend/node_modules/@babel/parser/lib/index.js:11678:14)
      at JSXParserMixin.parseExprAtom (/Users/riteshsharma/Downloads/khadicraft/frontend/node_modules/@babel/parser/lib/index.js:11348:23)
      at JSXParserMixin.parseExprAtom (/Users/riteshsharma/Downloads/khadicraft/frontend/node_modules/@babel/parser/lib/index.js:4776:20)
      at JSXParserMixin.parseExprSubscripts (/Users/riteshsharma/Downloads/khadicraft/frontend/node_modules/@babel/parser/lib/index.js:11098:23)
      at JSXParserMixin.parseUpdate (/Users/riteshsharma/Downloads/khadicraft/frontend/node_modules/@babel/parser/lib/index.js:11083:21)
      at JSXParserMixin.parseMaybeUnary (/Users/riteshsharma/Downloads/khadicraft/frontend/node_modules/@babel/parser/lib/index.js:11063:23)
      at JSXParserMixin.parseMaybeUnaryOrPrivate (/Users/riteshsharma/Downloads/khadicraft/frontend/node_modules/@babel/parser/lib/index.js:10916:61)
      at JSXParserMixin.parseExprOps (/Users/riteshsharma/Downloads/khadicraft/frontend/node_modules/@babel/parser/lib/index.js:10921:23)
      at JSXParserMixin.parseMaybeConditional (/Users/riteshsharma/Downloads/khadicraft/frontend/node_modules/@babel/parser/lib/index.js:10898:23)
      at JSXParserMixin.parseMaybeAssign (/Users/riteshsharma/Downloads/khadicraft/frontend/node_modules/@babel/parser/lib/index.js:10848:21)
      at JSXParserMixin.parseExpressionBase (/Users/riteshsharma/Downloads/khadicraft/frontend/node_modules/@babel/parser/lib/index.js:10801:23)
      at /Users/riteshsharma/Downloads/khadicraft/frontend/node_modules/@babel/parser/lib/index.js:10797:39
      at JSXParserMixin.allowInAnd (/Users/riteshsharma/Downloads/khadicraft/frontend/node_modules/@babel/parser/lib/index.js:12438:16)
      at JSXParserMixin.parseExpression (/Users/riteshsharma/Downloads/khadicraft/frontend/node_modules/@babel/parser/lib/index.js:10797:17)
      at JSXParserMixin.parseReturnStatement (/Users/riteshsharma/Downloads/khadicraft/frontend/node_modules/@babel/parser/lib/index.js:13159:28)
      at JSXParserMixin.parseStatementContent (/Users/riteshsharma/Downloads/khadicraft/frontend/node_modules/@babel/parser/lib/index.js:12815:21)
      at JSXParserMixin.parseStatementLike (/Users/riteshsharma/Downloads/khadicraft/frontend/node_modules/@babel/parser/lib/index.js:12784:17)
      at JSXParserMixin.parseStatementListItem (/Users/riteshsharma/Downloads/khadicraft/frontend/node_modules/@babel/parser/lib/index.js:12764:17)
      at JSXParserMixin.parseBlockOrModuleBlockBody (/Users/riteshsharma/Downloads/khadicraft/frontend/node_modules/@babel/parser/lib/index.js:13333:61)
      at JSXParserMixin.parseBlockBody (/Users/riteshsharma/Downloads/khadicraft/frontend/node_modules/@babel/parser/lib/index.js:13326:10)
      at JSXParserMixin.parseBlock (/Users/riteshsharma/Downloads/khadicraft/frontend/node_modules/@babel/parser/lib/index.js:13314:10)
      at JSXParserMixin.parseFunctionBody (/Users/riteshsharma/Downloads/khadicraft/frontend/node_modules/@babel/parser/lib/index.js:12117:24)
      at JSXParserMixin.parseFunctionBodyAndFinish (/Users/riteshsharma/Downloads/khadicraft/frontend/node_modules/@babel/parser/lib/index.js:12103:10)
      at /Users/riteshsharma/Downloads/khadicraft/frontend/node_modules/@babel/parser/lib/index.js:13462:12
      at JSXParserMixin.withSmartMixTopicForbiddingContext (/Users/riteshsharma/Downloads/khadicraft/frontend/node_modules/@babel/parser/lib/index.js:12420:14)
      at JSXParserMixin.parseFunction (/Users/riteshsharma/Downloads/khadicraft/frontend/node_modules/@babel/parser/lib/index.js:13461:10)
      at JSXParserMixin.parseExportDefaultExpression (/Users/riteshsharma/Downloads/khadicraft/frontend/node_modules/@babel/parser/lib/index.js:13924:19)
      at JSXParserMixin.parseExport (/Users/riteshsharma/Downloads/khadicraft/frontend/node_modules/@babel/parser/lib/index.js:13845:25)
      at JSXParserMixin.parseStatementContent (/Users/riteshsharma/Downloads/khadicraft/frontend/node_modules/@babel/parser/lib/index.js:12895:27)
      at JSXParserMixin.parseStatementLike (/Users/riteshsharma/Downloads/khadicraft/frontend/node_modules/@babel/parser/lib/index.js:12784:17)
      at JSXParserMixin.parseModuleItem (/Users/riteshsharma/Downloads/khadicraft/frontend/node_modules/@babel/parser/lib/index.js:12761:17)
      at JSXParserMixin.parseBlockOrModuleBlockBody (/Users/riteshsharma/Downloads/khadicraft/frontend/node_modules/@babel/parser/lib/index.js:13333:36)
      at JSXParserMixin.parseBlockBody (/Users/riteshsharma/Downloads/khadicraft/frontend/node_modules/@babel/parser/lib/index.js:13326:10)
      at JSXParserMixin.parseProgram (/Users/riteshsharma/Downloads/khadicraft/frontend/node_modules/@babel/parser/lib/index.js:12639:10)
      at JSXParserMixin.parseTopLevel (/Users/riteshsharma/Downloads/khadicraft/frontend/node_modules/@babel/parser/lib/index.js:12629:25)
      at JSXParserMixin.parse (/Users/riteshsharma/Downloads/khadicraft/frontend/node_modules/@babel/parser/lib/index.js:14505:25)
      at parse (/Users/riteshsharma/Downloads/khadicraft/frontend/node_modules/@babel/parser/lib/index.js:14539:38)
      at parser (/Users/riteshsharma/Downloads/khadicraft/frontend/node_modules/@babel/core/lib/parser/index.js:41:34)
      at parser.next (<anonymous>)
      at normalizeFile (/Users/riteshsharma/Downloads/khadicraft/frontend/node_modules/@babel/core/lib/transformation/normalize-file.js:64:37)
      at normalizeFile.next (<anonymous>)
      at run (/Users/riteshsharma/Downloads/khadicraft/frontend/node_modules/@babel/core/lib/transformation/index.js:22:50)
      at run.next (<anonymous>)
      at transform (/Users/riteshsharma/Downloads/khadicraft/frontend/node_modules/@babel/core/lib/transform.js:22:33)
      at transform.next (<anonymous>)
      at step (/Users/riteshsharma/Downloads/khadicraft/frontend/node_modules/gensync/index.js:261:32)
9:14:15 PM [vite] hmr invalidate /src/components/ui/RoleGuard.jsx Could not Fast Refresh ("useRoleCheck" export is incompatible). Learn more at https://github.com/vitejs/vite-plugin-react/tree/main/packages/plugin-react#consistent-components-exports
9:14:15 PM [vite] hmr update /src/components/ui/RoleNavigation.jsx
9:14:43 PM [vite] Pre-transform error: /Users/riteshsharma/Downloads/khadicraft/frontend/src/pages/admin/OrderDetail.jsx: Unexpected token, expected "," (243:6)

  241 |       </div>
  242 |
> 243 |       {/* Tailor Modal */}
      |       ^
  244 |       {tailorModal && (
  245 |         <div className="modal-backdrop" onClick={() => setTailorModal(false)}>
  246 |           <div className="modal" onClick={e => e.stopPropagation()}>
9:23:12 PM [vite] hmr update /src/pages/admin/Inventory.jsx
9:24:32 PM [vite] Pre-transform error: /Users/riteshsharma/Downloads/khadicraft/frontend/src/pages/admin/OrderDetail.jsx: Unexpected token, expected "," (243:6)

  241 |       </div>
  242 |
> 243 |       {/* Tailor Modal */}
      |       ^
  244 |       {tailorModal && (
  245 |         <div className="modal-backdrop" onClick={() => setTailorModal(false)}>
  246 |           <div className="modal" onClick={e => e.stopPropagation()}>
9:24:32 PM [vite] Internal server error: /Users/riteshsharma/Downloads/khadicraft/frontend/src/pages/admin/OrderDetail.jsx: Unexpected token, expected "," (243:6)

  241 |       </div>
  242 |
> 243 |       {/* Tailor Modal */}
      |       ^
  244 |       {tailorModal && (
  245 |         <div className="modal-backdrop" onClick={() => setTailorModal(false)}>
  246 |           <div className="modal" onClick={e => e.stopPropagation()}>
  Plugin: vite:react-babel
  File: /Users/riteshsharma/Downloads/khadicraft/frontend/src/pages/admin/OrderDetail.jsx:243:6
  241|        </div>
  242|  
  243|        {/* Tailor Modal */}
     |        ^
  244|        {tailorModal && (
  245|          <div className="modal-backdrop" onClick={() => setTailorModal(false)}>
      at constructor (/Users/riteshsharma/Downloads/khadicraft/frontend/node_modules/@babel/parser/lib/index.js:365:19)
      at JSXParserMixin.raise (/Users/riteshsharma/Downloads/khadicraft/frontend/node_modules/@babel/parser/lib/index.js:6616:19)
      at JSXParserMixin.unexpected (/Users/riteshsharma/Downloads/khadicraft/frontend/node_modules/@babel/parser/lib/index.js:6636:16)
      at JSXParserMixin.expect (/Users/riteshsharma/Downloads/khadicraft/frontend/node_modules/@babel/parser/lib/index.js:6916:12)
      at JSXParserMixin.parseParenAndDistinguishExpression (/Users/riteshsharma/Downloads/khadicraft/frontend/node_modules/@babel/parser/lib/index.js:11678:14)
      at JSXParserMixin.parseExprAtom (/Users/riteshsharma/Downloads/khadicraft/frontend/node_modules/@babel/parser/lib/index.js:11348:23)
      at JSXParserMixin.parseExprAtom (/Users/riteshsharma/Downloads/khadicraft/frontend/node_modules/@babel/parser/lib/index.js:4776:20)
      at JSXParserMixin.parseExprSubscripts (/Users/riteshsharma/Downloads/khadicraft/frontend/node_modules/@babel/parser/lib/index.js:11098:23)
      at JSXParserMixin.parseUpdate (/Users/riteshsharma/Downloads/khadicraft/frontend/node_modules/@babel/parser/lib/index.js:11083:21)
      at JSXParserMixin.parseMaybeUnary (/Users/riteshsharma/Downloads/khadicraft/frontend/node_modules/@babel/parser/lib/index.js:11063:23)
      at JSXParserMixin.parseMaybeUnaryOrPrivate (/Users/riteshsharma/Downloads/khadicraft/frontend/node_modules/@babel/parser/lib/index.js:10916:61)
      at JSXParserMixin.parseExprOps (/Users/riteshsharma/Downloads/khadicraft/frontend/node_modules/@babel/parser/lib/index.js:10921:23)
      at JSXParserMixin.parseMaybeConditional (/Users/riteshsharma/Downloads/khadicraft/frontend/node_modules/@babel/parser/lib/index.js:10898:23)
      at JSXParserMixin.parseMaybeAssign (/Users/riteshsharma/Downloads/khadicraft/frontend/node_modules/@babel/parser/lib/index.js:10848:21)
      at JSXParserMixin.parseExpressionBase (/Users/riteshsharma/Downloads/khadicraft/frontend/node_modules/@babel/parser/lib/index.js:10801:23)
      at /Users/riteshsharma/Downloads/khadicraft/frontend/node_modules/@babel/parser/lib/index.js:10797:39
      at JSXParserMixin.allowInAnd (/Users/riteshsharma/Downloads/khadicraft/frontend/node_modules/@babel/parser/lib/index.js:12438:16)
      at JSXParserMixin.parseExpression (/Users/riteshsharma/Downloads/khadicraft/frontend/node_modules/@babel/parser/lib/index.js:10797:17)
      at JSXParserMixin.parseReturnStatement (/Users/riteshsharma/Downloads/khadicraft/frontend/node_modules/@babel/parser/lib/index.js:13159:28)
      at JSXParserMixin.parseStatementContent (/Users/riteshsharma/Downloads/khadicraft/frontend/node_modules/@babel/parser/lib/index.js:12815:21)
      at JSXParserMixin.parseStatementLike (/Users/riteshsharma/Downloads/khadicraft/frontend/node_modules/@babel/parser/lib/index.js:12784:17)
      at JSXParserMixin.parseStatementListItem (/Users/riteshsharma/Downloads/khadicraft/frontend/node_modules/@babel/parser/lib/index.js:12764:17)
      at JSXParserMixin.parseBlockOrModuleBlockBody (/Users/riteshsharma/Downloads/khadicraft/frontend/node_modules/@babel/parser/lib/index.js:13333:61)
      at JSXParserMixin.parseBlockBody (/Users/riteshsharma/Downloads/khadicraft/frontend/node_modules/@babel/parser/lib/index.js:13326:10)
      at JSXParserMixin.parseBlock (/Users/riteshsharma/Downloads/khadicraft/frontend/node_modules/@babel/parser/lib/index.js:13314:10)
      at JSXParserMixin.parseFunctionBody (/Users/riteshsharma/Downloads/khadicraft/frontend/node_modules/@babel/parser/lib/index.js:12117:24)
      at JSXParserMixin.parseFunctionBodyAndFinish (/Users/riteshsharma/Downloads/khadicraft/frontend/node_modules/@babel/parser/lib/index.js:12103:10)
      at /Users/riteshsharma/Downloads/khadicraft/frontend/node_modules/@babel/parser/lib/index.js:13462:12
      at JSXParserMixin.withSmartMixTopicForbiddingContext (/Users/riteshsharma/Downloads/khadicraft/frontend/node_modules/@babel/parser/lib/index.js:12420:14)
      at JSXParserMixin.parseFunction (/Users/riteshsharma/Downloads/khadicraft/frontend/node_modules/@babel/parser/lib/index.js:13461:10)
      at JSXParserMixin.parseExportDefaultExpression (/Users/riteshsharma/Downloads/khadicraft/frontend/node_modules/@babel/parser/lib/index.js:13924:19)
      at JSXParserMixin.parseExport (/Users/riteshsharma/Downloads/khadicraft/frontend/node_modules/@babel/parser/lib/index.js:13845:25)
      at JSXParserMixin.parseStatementContent (/Users/riteshsharma/Downloads/khadicraft/frontend/node_modules/@babel/parser/lib/index.js:12895:27)
      at JSXParserMixin.parseStatementLike (/Users/riteshsharma/Downloads/khadicraft/frontend/node_modules/@babel/parser/lib/index.js:12784:17)
      at JSXParserMixin.parseModuleItem (/Users/riteshsharma/Downloads/khadicraft/frontend/node_modules/@babel/parser/lib/index.js:12761:17)
      at JSXParserMixin.parseBlockOrModuleBlockBody (/Users/riteshsharma/Downloads/khadicraft/frontend/node_modules/@babel/parser/lib/index.js:13333:36)
      at JSXParserMixin.parseBlockBody (/Users/riteshsharma/Downloads/khadicraft/frontend/node_modules/@babel/parser/lib/index.js:13326:10)
      at JSXParserMixin.parseProgram (/Users/riteshsharma/Downloads/khadicraft/frontend/node_modules/@babel/parser/lib/index.js:12639:10)
      at JSXParserMixin.parseTopLevel (/Users/riteshsharma/Downloads/khadicraft/frontend/node_modules/@babel/parser/lib/index.js:12629:25)
      at JSXParserMixin.parse (/Users/riteshsharma/Downloads/khadicraft/frontend/node_modules/@babel/parser/lib/index.js:14505:25)
      at parse (/Users/riteshsharma/Downloads/khadicraft/frontend/node_modules/@babel/parser/lib/index.js:14539:38)
      at parser (/Users/riteshsharma/Downloads/khadicraft/frontend/node_modules/@babel/core/lib/parser/index.js:41:34)
      at parser.next (<anonymous>)
      at normalizeFile (/Users/riteshsharma/Downloads/khadicraft/frontend/node_modules/@babel/core/lib/transformation/normalize-file.js:64:37)
      at normalizeFile.next (<anonymous>)
      at run (/Users/riteshsharma/Downloads/khadicraft/frontend/node_modules/@babel/core/lib/transformation/index.js:22:50)
      at run.next (<anonymous>)
      at transform (/Users/riteshsharma/Downloads/khadicraft/frontend/node_modules/@babel/core/lib/transform.js:22:33)
      at transform.next (<anonymous>)
      at step (/Users/riteshsharma/Downloads/khadicraft/frontend/node_modules/gensync/index.js:261:32)
9:25:29 PM [vite] hmr update /src/pages/admin/OrderDetail.jsx
9:31:47 PM [vite] hmr update /src/pages/admin/OrderDetail.jsx
9:42:53 PM [vite] hmr update /src/pages/admin/ProductForm.jsx
9:46:22 PM [vite] hmr update /src/pages/admin/ProductForm.jsx
9:46:30 PM [vite] hmr update /src/pages/admin/ProductForm.jsx
9:49:41 PM [vite] hmr update /src/pages/admin/Users.jsx
9:49:41 PM [vite] Internal server error: /Users/riteshsharma/Downloads/khadicraft/frontend/src/pages/admin/Users.jsx: Missing semicolon. (111:17)

  109 |                     </td>
  110 |                   </tr>
> 111 |                 ))}
      |                  ^
  112 |                 {!users.length && (
  113 |                   <tr><td colSpan={7} style={{ textAlign: 'center', padding: '48px', color: '#9ca3af' }}>No users found</td></tr>
  114 |                 )}
  Plugin: vite:react-babel
  File: /Users/riteshsharma/Downloads/khadicraft/frontend/src/pages/admin/Users.jsx:111:17
  109|                      </td>
  110|                    </tr>
  111|                  ))}
     |                   ^
  112|                  {!users.length && (
  113|                    <tr><td colSpan={7} style={{ textAlign: 'center', padding: '48px', color: '#9ca3af' }}>No users found</td></tr>
      at constructor (/Users/riteshsharma/Downloads/khadicraft/frontend/node_modules/@babel/parser/lib/index.js:365:19)
      at JSXParserMixin.raise (/Users/riteshsharma/Downloads/khadicraft/frontend/node_modules/@babel/parser/lib/index.js:6616:19)
      at JSXParserMixin.semicolon (/Users/riteshsharma/Downloads/khadicraft/frontend/node_modules/@babel/parser/lib/index.js:6912:10)
      at JSXParserMixin.parseReturnStatement (/Users/riteshsharma/Downloads/khadicraft/frontend/node_modules/@babel/parser/lib/index.js:13160:12)
      at JSXParserMixin.parseStatementContent (/Users/riteshsharma/Downloads/khadicraft/frontend/node_modules/@babel/parser/lib/index.js:12815:21)
      at JSXParserMixin.parseStatementLike (/Users/riteshsharma/Downloads/khadicraft/frontend/node_modules/@babel/parser/lib/index.js:12784:17)
      at JSXParserMixin.parseStatementListItem (/Users/riteshsharma/Downloads/khadicraft/frontend/node_modules/@babel/parser/lib/index.js:12764:17)
      at JSXParserMixin.parseBlockOrModuleBlockBody (/Users/riteshsharma/Downloads/khadicraft/frontend/node_modules/@babel/parser/lib/index.js:13333:61)
      at JSXParserMixin.parseBlockBody (/Users/riteshsharma/Downloads/khadicraft/frontend/node_modules/@babel/parser/lib/index.js:13326:10)
      at JSXParserMixin.parseBlock (/Users/riteshsharma/Downloads/khadicraft/frontend/node_modules/@babel/parser/lib/index.js:13314:10)
      at JSXParserMixin.parseFunctionBody (/Users/riteshsharma/Downloads/khadicraft/frontend/node_modules/@babel/parser/lib/index.js:12117:24)
      at JSXParserMixin.parseArrowExpression (/Users/riteshsharma/Downloads/khadicraft/frontend/node_modules/@babel/parser/lib/index.js:12092:10)
      at JSXParserMixin.parseExprAtom (/Users/riteshsharma/Downloads/khadicraft/frontend/node_modules/@babel/parser/lib/index.js:11455:25)
      at JSXParserMixin.parseExprAtom (/Users/riteshsharma/Downloads/khadicraft/frontend/node_modules/@babel/parser/lib/index.js:4776:20)
      at JSXParserMixin.parseExprSubscripts (/Users/riteshsharma/Downloads/khadicraft/frontend/node_modules/@babel/parser/lib/index.js:11098:23)
      at JSXParserMixin.parseUpdate (/Users/riteshsharma/Downloads/khadicraft/frontend/node_modules/@babel/parser/lib/index.js:11083:21)
      at JSXParserMixin.parseMaybeUnary (/Users/riteshsharma/Downloads/khadicraft/frontend/node_modules/@babel/parser/lib/index.js:11063:23)
      at JSXParserMixin.parseMaybeUnaryOrPrivate (/Users/riteshsharma/Downloads/khadicraft/frontend/node_modules/@babel/parser/lib/index.js:10916:61)
      at JSXParserMixin.parseExprOps (/Users/riteshsharma/Downloads/khadicraft/frontend/node_modules/@babel/parser/lib/index.js:10921:23)
      at JSXParserMixin.parseMaybeConditional (/Users/riteshsharma/Downloads/khadicraft/frontend/node_modules/@babel/parser/lib/index.js:10898:23)
      at JSXParserMixin.parseMaybeAssign (/Users/riteshsharma/Downloads/khadicraft/frontend/node_modules/@babel/parser/lib/index.js:10848:21)
      at /Users/riteshsharma/Downloads/khadicraft/frontend/node_modules/@babel/parser/lib/index.js:10817:39
      at JSXParserMixin.allowInAnd (/Users/riteshsharma/Downloads/khadicraft/frontend/node_modules/@babel/parser/lib/index.js:12443:12)
      at JSXParserMixin.parseMaybeAssignAllowIn (/Users/riteshsharma/Downloads/khadicraft/frontend/node_modules/@babel/parser/lib/index.js:10817:17)
      at JSXParserMixin.parseMaybeAssignAllowInOrVoidPattern (/Users/riteshsharma/Downloads/khadicraft/frontend/node_modules/@babel/parser/lib/index.js:12510:17)
      at JSXParserMixin.parseExprListItem (/Users/riteshsharma/Downloads/khadicraft/frontend/node_modules/@babel/parser/lib/index.js:12192:18)
      at JSXParserMixin.parseCallExpressionArguments (/Users/riteshsharma/Downloads/khadicraft/frontend/node_modules/@babel/parser/lib/index.js:11269:22)
      at JSXParserMixin.parseCoverCallAndAsyncArrowHead (/Users/riteshsharma/Downloads/khadicraft/frontend/node_modules/@babel/parser/lib/index.js:11203:29)
      at JSXParserMixin.parseSubscript (/Users/riteshsharma/Downloads/khadicraft/frontend/node_modules/@babel/parser/lib/index.js:11137:19)
      at JSXParserMixin.parseSubscripts (/Users/riteshsharma/Downloads/khadicraft/frontend/node_modules/@babel/parser/lib/index.js:11111:19)
      at JSXParserMixin.parseExprSubscripts (/Users/riteshsharma/Downloads/khadicraft/frontend/node_modules/@babel/parser/lib/index.js:11102:17)
      at JSXParserMixin.parseUpdate (/Users/riteshsharma/Downloads/khadicraft/frontend/node_modules/@babel/parser/lib/index.js:11083:21)
      at JSXParserMixin.parseMaybeUnary (/Users/riteshsharma/Downloads/khadicraft/frontend/node_modules/@babel/parser/lib/index.js:11063:23)
      at JSXParserMixin.parseMaybeUnaryOrPrivate (/Users/riteshsharma/Downloads/khadicraft/frontend/node_modules/@babel/parser/lib/index.js:10916:61)
      at JSXParserMixin.parseExprOps (/Users/riteshsharma/Downloads/khadicraft/frontend/node_modules/@babel/parser/lib/index.js:10921:23)
      at JSXParserMixin.parseMaybeConditional (/Users/riteshsharma/Downloads/khadicraft/frontend/node_modules/@babel/parser/lib/index.js:10898:23)
      at JSXParserMixin.parseMaybeAssign (/Users/riteshsharma/Downloads/khadicraft/frontend/node_modules/@babel/parser/lib/index.js:10848:21)
      at JSXParserMixin.parseExpressionBase (/Users/riteshsharma/Downloads/khadicraft/frontend/node_modules/@babel/parser/lib/index.js:10801:23)
      at /Users/riteshsharma/Downloads/khadicraft/frontend/node_modules/@babel/parser/lib/index.js:10797:39
      at JSXParserMixin.allowInAnd (/Users/riteshsharma/Downloads/khadicraft/frontend/node_modules/@babel/parser/lib/index.js:12443:12)
      at JSXParserMixin.parseExpression (/Users/riteshsharma/Downloads/khadicraft/frontend/node_modules/@babel/parser/lib/index.js:10797:17)
      at JSXParserMixin.jsxParseExpressionContainer (/Users/riteshsharma/Downloads/khadicraft/frontend/node_modules/@babel/parser/lib/index.js:4644:31)
      at JSXParserMixin.jsxParseElementAt (/Users/riteshsharma/Downloads/khadicraft/frontend/node_modules/@babel/parser/lib/index.js:4723:36)
      at JSXParserMixin.jsxParseElementAt (/Users/riteshsharma/Downloads/khadicraft/frontend/node_modules/@babel/parser/lib/index.js:4710:32)
      at JSXParserMixin.jsxParseElement (/Users/riteshsharma/Downloads/khadicraft/frontend/node_modules/@babel/parser/lib/index.js:4761:17)
      at JSXParserMixin.parseExprAtom (/Users/riteshsharma/Downloads/khadicraft/frontend/node_modules/@babel/parser/lib/index.js:4771:19)
      at JSXParserMixin.parseExprSubscripts (/Users/riteshsharma/Downloads/khadicraft/frontend/node_modules/@babel/parser/lib/index.js:11098:23)
      at JSXParserMixin.parseUpdate (/Users/riteshsharma/Downloads/khadicraft/frontend/node_modules/@babel/parser/lib/index.js:11083:21)
      at JSXParserMixin.parseMaybeUnary (/Users/riteshsharma/Downloads/khadicraft/frontend/node_modules/@babel/parser/lib/index.js:11063:23)
      at JSXParserMixin.parseMaybeUnaryOrPrivate (/Users/riteshsharma/Downloads/khadicraft/frontend/node_modules/@babel/parser/lib/index.js:10916:61)
9:49:41 PM [vite] Internal server error: /Users/riteshsharma/Downloads/khadicraft/frontend/src/pages/admin/Users.jsx: Missing semicolon. (111:17)

  109 |                     </td>
  110 |                   </tr>
> 111 |                 ))}
      |                  ^
  112 |                 {!users.length && (
  113 |                   <tr><td colSpan={7} style={{ textAlign: 'center', padding: '48px', color: '#9ca3af' }}>No users found</td></tr>
  114 |                 )}
  Plugin: vite:react-babel
  File: /Users/riteshsharma/Downloads/khadicraft/frontend/src/pages/admin/Users.jsx:111:17
  109|                      </td>
  110|                    </tr>
  111|                  ))}
     |                   ^
  112|                  {!users.length && (
  113|                    <tr><td colSpan={7} style={{ textAlign: 'center', padding: '48px', color: '#9ca3af' }}>No users found</td></tr>
      at constructor (/Users/riteshsharma/Downloads/khadicraft/frontend/node_modules/@babel/parser/lib/index.js:365:19)
      at JSXParserMixin.raise (/Users/riteshsharma/Downloads/khadicraft/frontend/node_modules/@babel/parser/lib/index.js:6616:19)
      at JSXParserMixin.semicolon (/Users/riteshsharma/Downloads/khadicraft/frontend/node_modules/@babel/parser/lib/index.js:6912:10)
      at JSXParserMixin.parseReturnStatement (/Users/riteshsharma/Downloads/khadicraft/frontend/node_modules/@babel/parser/lib/index.js:13160:12)
      at JSXParserMixin.parseStatementContent (/Users/riteshsharma/Downloads/khadicraft/frontend/node_modules/@babel/parser/lib/index.js:12815:21)
      at JSXParserMixin.parseStatementLike (/Users/riteshsharma/Downloads/khadicraft/frontend/node_modules/@babel/parser/lib/index.js:12784:17)
      at JSXParserMixin.parseStatementListItem (/Users/riteshsharma/Downloads/khadicraft/frontend/node_modules/@babel/parser/lib/index.js:12764:17)
      at JSXParserMixin.parseBlockOrModuleBlockBody (/Users/riteshsharma/Downloads/khadicraft/frontend/node_modules/@babel/parser/lib/index.js:13333:61)
      at JSXParserMixin.parseBlockBody (/Users/riteshsharma/Downloads/khadicraft/frontend/node_modules/@babel/parser/lib/index.js:13326:10)
      at JSXParserMixin.parseBlock (/Users/riteshsharma/Downloads/khadicraft/frontend/node_modules/@babel/parser/lib/index.js:13314:10)
      at JSXParserMixin.parseFunctionBody (/Users/riteshsharma/Downloads/khadicraft/frontend/node_modules/@babel/parser/lib/index.js:12117:24)
      at JSXParserMixin.parseArrowExpression (/Users/riteshsharma/Downloads/khadicraft/frontend/node_modules/@babel/parser/lib/index.js:12092:10)
      at JSXParserMixin.parseExprAtom (/Users/riteshsharma/Downloads/khadicraft/frontend/node_modules/@babel/parser/lib/index.js:11455:25)
      at JSXParserMixin.parseExprAtom (/Users/riteshsharma/Downloads/khadicraft/frontend/node_modules/@babel/parser/lib/index.js:4776:20)
      at JSXParserMixin.parseExprSubscripts (/Users/riteshsharma/Downloads/khadicraft/frontend/node_modules/@babel/parser/lib/index.js:11098:23)
      at JSXParserMixin.parseUpdate (/Users/riteshsharma/Downloads/khadicraft/frontend/node_modules/@babel/parser/lib/index.js:11083:21)
      at JSXParserMixin.parseMaybeUnary (/Users/riteshsharma/Downloads/khadicraft/frontend/node_modules/@babel/parser/lib/index.js:11063:23)
      at JSXParserMixin.parseMaybeUnaryOrPrivate (/Users/riteshsharma/Downloads/khadicraft/frontend/node_modules/@babel/parser/lib/index.js:10916:61)
      at JSXParserMixin.parseExprOps (/Users/riteshsharma/Downloads/khadicraft/frontend/node_modules/@babel/parser/lib/index.js:10921:23)
      at JSXParserMixin.parseMaybeConditional (/Users/riteshsharma/Downloads/khadicraft/frontend/node_modules/@babel/parser/lib/index.js:10898:23)
      at JSXParserMixin.parseMaybeAssign (/Users/riteshsharma/Downloads/khadicraft/frontend/node_modules/@babel/parser/lib/index.js:10848:21)
      at /Users/riteshsharma/Downloads/khadicraft/frontend/node_modules/@babel/parser/lib/index.js:10817:39
      at JSXParserMixin.allowInAnd (/Users/riteshsharma/Downloads/khadicraft/frontend/node_modules/@babel/parser/lib/index.js:12443:12)
      at JSXParserMixin.parseMaybeAssignAllowIn (/Users/riteshsharma/Downloads/khadicraft/frontend/node_modules/@babel/parser/lib/index.js:10817:17)
      at JSXParserMixin.parseMaybeAssignAllowInOrVoidPattern (/Users/riteshsharma/Downloads/khadicraft/frontend/node_modules/@babel/parser/lib/index.js:12510:17)
      at JSXParserMixin.parseExprListItem (/Users/riteshsharma/Downloads/khadicraft/frontend/node_modules/@babel/parser/lib/index.js:12192:18)
      at JSXParserMixin.parseCallExpressionArguments (/Users/riteshsharma/Downloads/khadicraft/frontend/node_modules/@babel/parser/lib/index.js:11269:22)
      at JSXParserMixin.parseCoverCallAndAsyncArrowHead (/Users/riteshsharma/Downloads/khadicraft/frontend/node_modules/@babel/parser/lib/index.js:11203:29)
      at JSXParserMixin.parseSubscript (/Users/riteshsharma/Downloads/khadicraft/frontend/node_modules/@babel/parser/lib/index.js:11137:19)
      at JSXParserMixin.parseSubscripts (/Users/riteshsharma/Downloads/khadicraft/frontend/node_modules/@babel/parser/lib/index.js:11111:19)
      at JSXParserMixin.parseExprSubscripts (/Users/riteshsharma/Downloads/khadicraft/frontend/node_modules/@babel/parser/lib/index.js:11102:17)
      at JSXParserMixin.parseUpdate (/Users/riteshsharma/Downloads/khadicraft/frontend/node_modules/@babel/parser/lib/index.js:11083:21)
      at JSXParserMixin.parseMaybeUnary (/Users/riteshsharma/Downloads/khadicraft/frontend/node_modules/@babel/parser/lib/index.js:11063:23)
      at JSXParserMixin.parseMaybeUnaryOrPrivate (/Users/riteshsharma/Downloads/khadicraft/frontend/node_modules/@babel/parser/lib/index.js:10916:61)
      at JSXParserMixin.parseExprOps (/Users/riteshsharma/Downloads/khadicraft/frontend/node_modules/@babel/parser/lib/index.js:10921:23)
      at JSXParserMixin.parseMaybeConditional (/Users/riteshsharma/Downloads/khadicraft/frontend/node_modules/@babel/parser/lib/index.js:10898:23)
      at JSXParserMixin.parseMaybeAssign (/Users/riteshsharma/Downloads/khadicraft/frontend/node_modules/@babel/parser/lib/index.js:10848:21)
      at JSXParserMixin.parseExpressionBase (/Users/riteshsharma/Downloads/khadicraft/frontend/node_modules/@babel/parser/lib/index.js:10801:23)
      at /Users/riteshsharma/Downloads/khadicraft/frontend/node_modules/@babel/parser/lib/index.js:10797:39
      at JSXParserMixin.allowInAnd (/Users/riteshsharma/Downloads/khadicraft/frontend/node_modules/@babel/parser/lib/index.js:12443:12)
      at JSXParserMixin.parseExpression (/Users/riteshsharma/Downloads/khadicraft/frontend/node_modules/@babel/parser/lib/index.js:10797:17)
      at JSXParserMixin.jsxParseExpressionContainer (/Users/riteshsharma/Downloads/khadicraft/frontend/node_modules/@babel/parser/lib/index.js:4644:31)
      at JSXParserMixin.jsxParseElementAt (/Users/riteshsharma/Downloads/khadicraft/frontend/node_modules/@babel/parser/lib/index.js:4723:36)
      at JSXParserMixin.jsxParseElementAt (/Users/riteshsharma/Downloads/khadicraft/frontend/node_modules/@babel/parser/lib/index.js:4710:32)
      at JSXParserMixin.jsxParseElement (/Users/riteshsharma/Downloads/khadicraft/frontend/node_modules/@babel/parser/lib/index.js:4761:17)
      at JSXParserMixin.parseExprAtom (/Users/riteshsharma/Downloads/khadicraft/frontend/node_modules/@babel/parser/lib/index.js:4771:19)
      at JSXParserMixin.parseExprSubscripts (/Users/riteshsharma/Downloads/khadicraft/frontend/node_modules/@babel/parser/lib/index.js:11098:23)
      at JSXParserMixin.parseUpdate (/Users/riteshsharma/Downloads/khadicraft/frontend/node_modules/@babel/parser/lib/index.js:11083:21)
      at JSXParserMixin.parseMaybeUnary (/Users/riteshsharma/Downloads/khadicraft/frontend/node_modules/@babel/parser/lib/index.js:11063:23)
      at JSXParserMixin.parseMaybeUnaryOrPrivate (/Users/riteshsharma/Downloads/khadicraft/frontend/node_modules/@babel/parser/lib/index.js:10916:61)
9:49:41 PM [vite] Internal server error: /Users/riteshsharma/Downloads/khadicraft/frontend/src/pages/admin/Users.jsx: Missing semicolon. (111:17)

  109 |                     </td>
  110 |                   </tr>
> 111 |                 ))}
      |                  ^
  112 |                 {!users.length && (
  113 |                   <tr><td colSpan={7} style={{ textAlign: 'center', padding: '48px', color: '#9ca3af' }}>No users found</td></tr>
  114 |                 )}
  Plugin: vite:react-babel
  File: /Users/riteshsharma/Downloads/khadicraft/frontend/src/pages/admin/Users.jsx:111:17
  109|                      </td>
  110|                    </tr>
  111|                  ))}
     |                   ^
  112|                  {!users.length && (
  113|                    <tr><td colSpan={7} style={{ textAlign: 'center', padding: '48px', color: '#9ca3af' }}>No users found</td></tr>
      at constructor (/Users/riteshsharma/Downloads/khadicraft/frontend/node_modules/@babel/parser/lib/index.js:365:19)
      at JSXParserMixin.raise (/Users/riteshsharma/Downloads/khadicraft/frontend/node_modules/@babel/parser/lib/index.js:6616:19)
      at JSXParserMixin.semicolon (/Users/riteshsharma/Downloads/khadicraft/frontend/node_modules/@babel/parser/lib/index.js:6912:10)
      at JSXParserMixin.parseReturnStatement (/Users/riteshsharma/Downloads/khadicraft/frontend/node_modules/@babel/parser/lib/index.js:13160:12)
      at JSXParserMixin.parseStatementContent (/Users/riteshsharma/Downloads/khadicraft/frontend/node_modules/@babel/parser/lib/index.js:12815:21)
      at JSXParserMixin.parseStatementLike (/Users/riteshsharma/Downloads/khadicraft/frontend/node_modules/@babel/parser/lib/index.js:12784:17)
      at JSXParserMixin.parseStatementListItem (/Users/riteshsharma/Downloads/khadicraft/frontend/node_modules/@babel/parser/lib/index.js:12764:17)
      at JSXParserMixin.parseBlockOrModuleBlockBody (/Users/riteshsharma/Downloads/khadicraft/frontend/node_modules/@babel/parser/lib/index.js:13333:61)
      at JSXParserMixin.parseBlockBody (/Users/riteshsharma/Downloads/khadicraft/frontend/node_modules/@babel/parser/lib/index.js:13326:10)
      at JSXParserMixin.parseBlock (/Users/riteshsharma/Downloads/khadicraft/frontend/node_modules/@babel/parser/lib/index.js:13314:10)
      at JSXParserMixin.parseFunctionBody (/Users/riteshsharma/Downloads/khadicraft/frontend/node_modules/@babel/parser/lib/index.js:12117:24)
      at JSXParserMixin.parseArrowExpression (/Users/riteshsharma/Downloads/khadicraft/frontend/node_modules/@babel/parser/lib/index.js:12092:10)
      at JSXParserMixin.parseExprAtom (/Users/riteshsharma/Downloads/khadicraft/frontend/node_modules/@babel/parser/lib/index.js:11455:25)
      at JSXParserMixin.parseExprAtom (/Users/riteshsharma/Downloads/khadicraft/frontend/node_modules/@babel/parser/lib/index.js:4776:20)
      at JSXParserMixin.parseExprSubscripts (/Users/riteshsharma/Downloads/khadicraft/frontend/node_modules/@babel/parser/lib/index.js:11098:23)
      at JSXParserMixin.parseUpdate (/Users/riteshsharma/Downloads/khadicraft/frontend/node_modules/@babel/parser/lib/index.js:11083:21)
      at JSXParserMixin.parseMaybeUnary (/Users/riteshsharma/Downloads/khadicraft/frontend/node_modules/@babel/parser/lib/index.js:11063:23)
      at JSXParserMixin.parseMaybeUnaryOrPrivate (/Users/riteshsharma/Downloads/khadicraft/frontend/node_modules/@babel/parser/lib/index.js:10916:61)
      at JSXParserMixin.parseExprOps (/Users/riteshsharma/Downloads/khadicraft/frontend/node_modules/@babel/parser/lib/index.js:10921:23)
      at JSXParserMixin.parseMaybeConditional (/Users/riteshsharma/Downloads/khadicraft/frontend/node_modules/@babel/parser/lib/index.js:10898:23)
      at JSXParserMixin.parseMaybeAssign (/Users/riteshsharma/Downloads/khadicraft/frontend/node_modules/@babel/parser/lib/index.js:10848:21)
      at /Users/riteshsharma/Downloads/khadicraft/frontend/node_modules/@babel/parser/lib/index.js:10817:39
      at JSXParserMixin.allowInAnd (/Users/riteshsharma/Downloads/khadicraft/frontend/node_modules/@babel/parser/lib/index.js:12443:12)
      at JSXParserMixin.parseMaybeAssignAllowIn (/Users/riteshsharma/Downloads/khadicraft/frontend/node_modules/@babel/parser/lib/index.js:10817:17)
      at JSXParserMixin.parseMaybeAssignAllowInOrVoidPattern (/Users/riteshsharma/Downloads/khadicraft/frontend/node_modules/@babel/parser/lib/index.js:12510:17)
      at JSXParserMixin.parseExprListItem (/Users/riteshsharma/Downloads/khadicraft/frontend/node_modules/@babel/parser/lib/index.js:12192:18)
      at JSXParserMixin.parseCallExpressionArguments (/Users/riteshsharma/Downloads/khadicraft/frontend/node_modules/@babel/parser/lib/index.js:11269:22)
      at JSXParserMixin.parseCoverCallAndAsyncArrowHead (/Users/riteshsharma/Downloads/khadicraft/frontend/node_modules/@babel/parser/lib/index.js:11203:29)
      at JSXParserMixin.parseSubscript (/Users/riteshsharma/Downloads/khadicraft/frontend/node_modules/@babel/parser/lib/index.js:11137:19)
      at JSXParserMixin.parseSubscripts (/Users/riteshsharma/Downloads/khadicraft/frontend/node_modules/@babel/parser/lib/index.js:11111:19)
      at JSXParserMixin.parseExprSubscripts (/Users/riteshsharma/Downloads/khadicraft/frontend/node_modules/@babel/parser/lib/index.js:11102:17)
      at JSXParserMixin.parseUpdate (/Users/riteshsharma/Downloads/khadicraft/frontend/node_modules/@babel/parser/lib/index.js:11083:21)
      at JSXParserMixin.parseMaybeUnary (/Users/riteshsharma/Downloads/khadicraft/frontend/node_modules/@babel/parser/lib/index.js:11063:23)
      at JSXParserMixin.parseMaybeUnaryOrPrivate (/Users/riteshsharma/Downloads/khadicraft/frontend/node_modules/@babel/parser/lib/index.js:10916:61)
      at JSXParserMixin.parseExprOps (/Users/riteshsharma/Downloads/khadicraft/frontend/node_modules/@babel/parser/lib/index.js:10921:23)
      at JSXParserMixin.parseMaybeConditional (/Users/riteshsharma/Downloads/khadicraft/frontend/node_modules/@babel/parser/lib/index.js:10898:23)
      at JSXParserMixin.parseMaybeAssign (/Users/riteshsharma/Downloads/khadicraft/frontend/node_modules/@babel/parser/lib/index.js:10848:21)
      at JSXParserMixin.parseExpressionBase (/Users/riteshsharma/Downloads/khadicraft/frontend/node_modules/@babel/parser/lib/index.js:10801:23)
      at /Users/riteshsharma/Downloads/khadicraft/frontend/node_modules/@babel/parser/lib/index.js:10797:39
      at JSXParserMixin.allowInAnd (/Users/riteshsharma/Downloads/khadicraft/frontend/node_modules/@babel/parser/lib/index.js:12443:12)
      at JSXParserMixin.parseExpression (/Users/riteshsharma/Downloads/khadicraft/frontend/node_modules/@babel/parser/lib/index.js:10797:17)
      at JSXParserMixin.jsxParseExpressionContainer (/Users/riteshsharma/Downloads/khadicraft/frontend/node_modules/@babel/parser/lib/index.js:4644:31)
      at JSXParserMixin.jsxParseElementAt (/Users/riteshsharma/Downloads/khadicraft/frontend/node_modules/@babel/parser/lib/index.js:4723:36)
      at JSXParserMixin.jsxParseElementAt (/Users/riteshsharma/Downloads/khadicraft/frontend/node_modules/@babel/parser/lib/index.js:4710:32)
      at JSXParserMixin.jsxParseElement (/Users/riteshsharma/Downloads/khadicraft/frontend/node_modules/@babel/parser/lib/index.js:4761:17)
      at JSXParserMixin.parseExprAtom (/Users/riteshsharma/Downloads/khadicraft/frontend/node_modules/@babel/parser/lib/index.js:4771:19)
      at JSXParserMixin.parseExprSubscripts (/Users/riteshsharma/Downloads/khadicraft/frontend/node_modules/@babel/parser/lib/index.js:11098:23)
      at JSXParserMixin.parseUpdate (/Users/riteshsharma/Downloads/khadicraft/frontend/node_modules/@babel/parser/lib/index.js:11083:21)
      at JSXParserMixin.parseMaybeUnary (/Users/riteshsharma/Downloads/khadicraft/frontend/node_modules/@babel/parser/lib/index.js:11063:23)
      at JSXParserMixin.parseMaybeUnaryOrPrivate (/Users/riteshsharma/Downloads/khadicraft/frontend/node_modules/@babel/parser/lib/index.js:10916:61)
9:49:51 PM [vite] hmr update /src/pages/admin/Users.jsx
9:51:48 PM [vite] hmr update /src/pages/admin/CustomOrderDetail.jsx
9:52:08 PM [vite] hmr update /src/pages/admin/OrderDetail.jsx
9:52:38 PM [vite] hmr update /src/pages/admin/CustomOrderDetail.jsx
9:54:51 PM [vite] hmr update /src/pages/admin/CustomOrderDetail.jsx
9:55:04 PM [vite] hmr update /src/pages/tailor/OrderDetail.jsx
11:19:28 AM [vite] hmr update /src/pages/admin/Inventory.jsx
11:20:45 AM [vite] hmr update /src/pages/admin/OrderDetail.jsx
11:23:00 AM [vite] hmr update /src/pages/admin/OrderDetail.jsx
11:23:44 AM [vite] hmr update /src/pages/admin/OrderDetail.jsx
11:23:44 AM [vite] Internal server error: /Users/riteshsharma/Downloads/khadicraft/frontend/src/pages/admin/OrderDetail.jsx: Expected corresponding JSX closing tag for <div>. (162:148)

  160 |         <div style=
  161 |           <div className="admin-table-card">
> 162 |             <h3 style={{ marginBottom: '14px', fontSize: '0.9rem', fontWeight: 600 }}>Customer</h3>, fontSize: '0.9rem', fontWeight: 600 }}>Customer</h3>
      |                                                                                                                                                     ^
  163 |             <div style={{ display: 'flex', gap: '10px', alignItems: 'center', marginBottom: '12px' }}>
  164 |               <div style={{ width: '38px', height: '38px', borderRadius: '50%', background: '#1B4332', color: '#fff', display: 'flex', alignItems: 'center', justifyContent: 'center', fontWeight: 600 }}>{(order.user || order.user_id)?.name?.[0]}</div>
  165 |               <div>
  Plugin: vite:react-babel
  File: /Users/riteshsharma/Downloads/khadicraft/frontend/src/pages/admin/OrderDetail.jsx:162:148
  160|          <div style=
  161|            <div className="admin-table-card">
  162|              <h3 style={{ marginBottom: '14px', fontSize: '0.9rem', fontWeight: 600 }}>Customer</h3>, fontSize: '0.9rem', fontWeight: 600 }}>Customer</h3>
     |                                                                                                                                                      ^
  163|              <div style={{ display: 'flex', gap: '10px', alignItems: 'center', marginBottom: '12px' }}>
  164|                <div style={{ width: '38px', height: '38px', borderRadius: '50%', background: '#1B4332', color: '#fff', display: 'flex', alignItems: 'center', justifyContent: 'center', fontWeight: 600 }}>{(order.user || order.user_id)?.name?.[0]}</div>
      at constructor (/Users/riteshsharma/Downloads/khadicraft/frontend/node_modules/@babel/parser/lib/index.js:365:19)
      at JSXParserMixin.raise (/Users/riteshsharma/Downloads/khadicraft/frontend/node_modules/@babel/parser/lib/index.js:6616:19)
      at JSXParserMixin.jsxParseElementAt (/Users/riteshsharma/Downloads/khadicraft/frontend/node_modules/@babel/parser/lib/index.js:4739:16)
      at JSXParserMixin.jsxParseElement (/Users/riteshsharma/Downloads/khadicraft/frontend/node_modules/@babel/parser/lib/index.js:4761:17)
      at JSXParserMixin.parseExprAtom (/Users/riteshsharma/Downloads/khadicraft/frontend/node_modules/@babel/parser/lib/index.js:4771:19)
      at JSXParserMixin.jsxParseAttributeValue (/Users/riteshsharma/Downloads/khadicraft/frontend/node_modules/@babel/parser/lib/index.js:4623:21)
      at JSXParserMixin.jsxParseAttribute (/Users/riteshsharma/Downloads/khadicraft/frontend/node_modules/@babel/parser/lib/index.js:4665:38)
      at JSXParserMixin.jsxParseOpeningElementAfterName (/Users/riteshsharma/Downloads/khadicraft/frontend/node_modules/@babel/parser/lib/index.js:4679:28)
      at JSXParserMixin.jsxParseOpeningElementAt (/Users/riteshsharma/Downloads/khadicraft/frontend/node_modules/@babel/parser/lib/index.js:4674:17)
      at JSXParserMixin.jsxParseElementAt (/Users/riteshsharma/Downloads/khadicraft/frontend/node_modules/@babel/parser/lib/index.js:4698:33)
      at JSXParserMixin.jsxParseElementAt (/Users/riteshsharma/Downloads/khadicraft/frontend/node_modules/@babel/parser/lib/index.js:4710:32)
      at JSXParserMixin.jsxParseElementAt (/Users/riteshsharma/Downloads/khadicraft/frontend/node_modules/@babel/parser/lib/index.js:4710:32)
      at JSXParserMixin.jsxParseElement (/Users/riteshsharma/Downloads/khadicraft/frontend/node_modules/@babel/parser/lib/index.js:4761:17)
      at JSXParserMixin.parseExprAtom (/Users/riteshsharma/Downloads/khadicraft/frontend/node_modules/@babel/parser/lib/index.js:4771:19)
      at JSXParserMixin.parseExprSubscripts (/Users/riteshsharma/Downloads/khadicraft/frontend/node_modules/@babel/parser/lib/index.js:11098:23)
      at JSXParserMixin.parseUpdate (/Users/riteshsharma/Downloads/khadicraft/frontend/node_modules/@babel/parser/lib/index.js:11083:21)
      at JSXParserMixin.parseMaybeUnary (/Users/riteshsharma/Downloads/khadicraft/frontend/node_modules/@babel/parser/lib/index.js:11063:23)
      at JSXParserMixin.parseMaybeUnaryOrPrivate (/Users/riteshsharma/Downloads/khadicraft/frontend/node_modules/@babel/parser/lib/index.js:10916:61)
      at JSXParserMixin.parseExprOps (/Users/riteshsharma/Downloads/khadicraft/frontend/node_modules/@babel/parser/lib/index.js:10921:23)
      at JSXParserMixin.parseMaybeConditional (/Users/riteshsharma/Downloads/khadicraft/frontend/node_modules/@babel/parser/lib/index.js:10898:23)
      at JSXParserMixin.parseMaybeAssign (/Users/riteshsharma/Downloads/khadicraft/frontend/node_modules/@babel/parser/lib/index.js:10848:21)
      at /Users/riteshsharma/Downloads/khadicraft/frontend/node_modules/@babel/parser/lib/index.js:10817:39
      at JSXParserMixin.allowInAnd (/Users/riteshsharma/Downloads/khadicraft/frontend/node_modules/@babel/parser/lib/index.js:12443:12)
      at JSXParserMixin.parseMaybeAssignAllowIn (/Users/riteshsharma/Downloads/khadicraft/frontend/node_modules/@babel/parser/lib/index.js:10817:17)
      at JSXParserMixin.parseMaybeAssignAllowInOrVoidPattern (/Users/riteshsharma/Downloads/khadicraft/frontend/node_modules/@babel/parser/lib/index.js:12510:17)
      at JSXParserMixin.parseParenAndDistinguishExpression (/Users/riteshsharma/Downloads/khadicraft/frontend/node_modules/@babel/parser/lib/index.js:11692:28)
      at JSXParserMixin.parseExprAtom (/Users/riteshsharma/Downloads/khadicraft/frontend/node_modules/@babel/parser/lib/index.js:11348:23)
      at JSXParserMixin.parseExprAtom (/Users/riteshsharma/Downloads/khadicraft/frontend/node_modules/@babel/parser/lib/index.js:4776:20)
      at JSXParserMixin.parseExprSubscripts (/Users/riteshsharma/Downloads/khadicraft/frontend/node_modules/@babel/parser/lib/index.js:11098:23)
      at JSXParserMixin.parseUpdate (/Users/riteshsharma/Downloads/khadicraft/frontend/node_modules/@babel/parser/lib/index.js:11083:21)
      at JSXParserMixin.parseMaybeUnary (/Users/riteshsharma/Downloads/khadicraft/frontend/node_modules/@babel/parser/lib/index.js:11063:23)
      at JSXParserMixin.parseMaybeUnaryOrPrivate (/Users/riteshsharma/Downloads/khadicraft/frontend/node_modules/@babel/parser/lib/index.js:10916:61)
      at JSXParserMixin.parseExprOps (/Users/riteshsharma/Downloads/khadicraft/frontend/node_modules/@babel/parser/lib/index.js:10921:23)
      at JSXParserMixin.parseMaybeConditional (/Users/riteshsharma/Downloads/khadicraft/frontend/node_modules/@babel/parser/lib/index.js:10898:23)
      at JSXParserMixin.parseMaybeAssign (/Users/riteshsharma/Downloads/khadicraft/frontend/node_modules/@babel/parser/lib/index.js:10848:21)
      at JSXParserMixin.parseExpressionBase (/Users/riteshsharma/Downloads/khadicraft/frontend/node_modules/@babel/parser/lib/index.js:10801:23)
      at /Users/riteshsharma/Downloads/khadicraft/frontend/node_modules/@babel/parser/lib/index.js:10797:39
      at JSXParserMixin.allowInAnd (/Users/riteshsharma/Downloads/khadicraft/frontend/node_modules/@babel/parser/lib/index.js:12438:16)
      at JSXParserMixin.parseExpression (/Users/riteshsharma/Downloads/khadicraft/frontend/node_modules/@babel/parser/lib/index.js:10797:17)
      at JSXParserMixin.parseReturnStatement (/Users/riteshsharma/Downloads/khadicraft/frontend/node_modules/@babel/parser/lib/index.js:13159:28)
      at JSXParserMixin.parseStatementContent (/Users/riteshsharma/Downloads/khadicraft/frontend/node_modules/@babel/parser/lib/index.js:12815:21)
      at JSXParserMixin.parseStatementLike (/Users/riteshsharma/Downloads/khadicraft/frontend/node_modules/@babel/parser/lib/index.js:12784:17)
      at JSXParserMixin.parseStatementListItem (/Users/riteshsharma/Downloads/khadicraft/frontend/node_modules/@babel/parser/lib/index.js:12764:17)
      at JSXParserMixin.parseBlockOrModuleBlockBody (/Users/riteshsharma/Downloads/khadicraft/frontend/node_modules/@babel/parser/lib/index.js:13333:61)
      at JSXParserMixin.parseBlockBody (/Users/riteshsharma/Downloads/khadicraft/frontend/node_modules/@babel/parser/lib/index.js:13326:10)
      at JSXParserMixin.parseBlock (/Users/riteshsharma/Downloads/khadicraft/frontend/node_modules/@babel/parser/lib/index.js:13314:10)
      at JSXParserMixin.parseFunctionBody (/Users/riteshsharma/Downloads/khadicraft/frontend/node_modules/@babel/parser/lib/index.js:12117:24)
      at JSXParserMixin.parseFunctionBodyAndFinish (/Users/riteshsharma/Downloads/khadicraft/frontend/node_modules/@babel/parser/lib/index.js:12103:10)
      at /Users/riteshsharma/Downloads/khadicraft/frontend/node_modules/@babel/parser/lib/index.js:13462:12
      at JSXParserMixin.withSmartMixTopicForbiddingContext (/Users/riteshsharma/Downloads/khadicraft/frontend/node_modules/@babel/parser/lib/index.js:12420:14)
11:24:04 AM [vite] hmr update /src/pages/admin/OrderDetail.jsx
11:34:34 AM [vite] hmr update /src/pages/admin/Settings.jsx
12:10:08 PM [vite] hmr update /src/pages/admin/Appointments.jsx
12:10:49 PM [vite] hmr update /src/pages/Wholesale.jsx
12:10:59 PM [vite] hmr update /src/pages/Home.jsx
12:16:47 PM [vite] hmr update /src/App.jsx, /src/components/ui/CustomerLayout.jsx, /src/pages/auth/Login.jsx, /src/components/admin/AdminLayout.jsx, /src/components/admin/TailorLayout.jsx, /src/pages/auth/Register.jsx, /src/pages/Shop.jsx, /src/pages/ProductDetail.jsx, /src/pages/Cart.jsx, /src/pages/CustomTailoring.jsx, /src/pages/Checkout.jsx, /src/pages/account/Dashboard.jsx, /src/pages/account/Profile.jsx, /src/pages/tailor/Dashboard.jsx, /src/components/ui/RoleGuard.jsx, /src/pages/auth/ForgotPassword.jsx, /src/pages/auth/ResetPassword.jsx, /src/pages/auth/VerifyOtp.jsx, /src/pages/Home.jsx, /src/pages/TrackOrder.jsx, /src/pages/BookAppointment.jsx, /src/pages/Appointments.jsx, /src/pages/account/MyOrders.jsx, /src/pages/Wholesale.jsx, /src/pages/account/CustomOrders.jsx, /src/pages/account/CustomOrderDetail.jsx, /src/pages/account/OrderDetail.jsx, /src/pages/account/MyAppointments.jsx, /src/pages/account/Addresses.jsx, /src/pages/account/Measurements.jsx, /src/pages/account/Notifications.jsx, /src/pages/admin/Dashboard.jsx, /src/pages/admin/Products.jsx, /src/pages/admin/ProductForm.jsx, /src/pages/admin/Orders.jsx, /src/pages/admin/Categories.jsx, /src/pages/admin/OrderDetail.jsx, /src/pages/admin/CustomOrders.jsx, /src/pages/admin/Inventory.jsx, /src/pages/admin/Appointments.jsx, /src/pages/admin/Wholesale.jsx, /src/pages/admin/Users.jsx, /src/pages/admin/CustomOrderDetail.jsx, /src/pages/admin/Banners.jsx, /src/pages/admin/Settings.jsx, /src/pages/admin/Reports.jsx, /src/pages/tailor/Orders.jsx, /src/pages/tailor/OrderDetail.jsx, /src/components/ui/ChatBot.jsx
12:16:47 PM [vite] hmr invalidate /src/components/ui/RoleGuard.jsx Could not Fast Refresh ("useRoleCheck" export is incompatible). Learn more at https://github.com/vitejs/vite-plugin-react/tree/main/packages/plugin-react#consistent-components-exports
12:16:47 PM [vite] hmr update /src/components/ui/RoleNavigation.jsx
12:16:57 PM [vite] hmr update /src/pages/Wholesale.jsx
12:20:22 PM [vite] hmr update /src/App.jsx, /src/components/ui/CustomerLayout.jsx, /src/pages/auth/Login.jsx, /src/components/admin/AdminLayout.jsx, /src/components/admin/TailorLayout.jsx, /src/pages/auth/Register.jsx, /src/pages/Shop.jsx, /src/pages/ProductDetail.jsx, /src/pages/Cart.jsx, /src/pages/CustomTailoring.jsx, /src/pages/Checkout.jsx, /src/pages/account/Dashboard.jsx, /src/pages/account/Profile.jsx, /src/pages/tailor/Dashboard.jsx, /src/components/ui/RoleGuard.jsx, /src/pages/auth/ForgotPassword.jsx, /src/pages/auth/ResetPassword.jsx, /src/pages/auth/VerifyOtp.jsx, /src/pages/Home.jsx, /src/pages/TrackOrder.jsx, /src/pages/BookAppointment.jsx, /src/pages/Appointments.jsx, /src/pages/account/MyOrders.jsx, /src/pages/Wholesale.jsx, /src/pages/account/CustomOrders.jsx, /src/pages/account/CustomOrderDetail.jsx, /src/pages/account/OrderDetail.jsx, /src/pages/account/MyAppointments.jsx, /src/pages/account/Addresses.jsx, /src/pages/account/Measurements.jsx, /src/pages/account/Notifications.jsx, /src/pages/admin/Dashboard.jsx, /src/pages/admin/Products.jsx, /src/pages/admin/ProductForm.jsx, /src/pages/admin/Orders.jsx, /src/pages/admin/Categories.jsx, /src/pages/admin/OrderDetail.jsx, /src/pages/admin/CustomOrders.jsx, /src/pages/admin/Inventory.jsx, /src/pages/admin/Appointments.jsx, /src/pages/admin/Wholesale.jsx, /src/pages/admin/Users.jsx, /src/pages/admin/CustomOrderDetail.jsx, /src/pages/admin/Banners.jsx, /src/pages/admin/Settings.jsx, /src/pages/admin/Reports.jsx, /src/pages/tailor/Orders.jsx, /src/pages/tailor/OrderDetail.jsx, /src/components/ui/ChatBot.jsx
12:20:22 PM [vite] hmr invalidate /src/components/ui/RoleGuard.jsx Could not Fast Refresh ("useRoleCheck" export is incompatible). Learn more at https://github.com/vitejs/vite-plugin-react/tree/main/packages/plugin-react#consistent-components-exports
12:20:22 PM [vite] hmr update /src/components/ui/RoleNavigation.jsx
12:21:58 PM [vite] hmr update /src/pages/Shop.jsx
12:21:58 PM [vite] hmr update /src/pages/ProductDetail.jsx
12:21:58 PM [vite] hmr update /src/pages/Cart.jsx
12:21:58 PM [vite] hmr update /src/pages/Checkout.jsx
12:21:58 PM [vite] hmr update /src/pages/account/OrderDetail.jsx
12:21:58 PM [vite] hmr update /src/pages/account/CustomOrderDetail.jsx
12:21:58 PM [vite] hmr update /src/pages/admin/Products.jsx
12:21:58 PM [vite] hmr update /src/pages/admin/ProductForm.jsx
12:21:58 PM [vite] hmr update /src/pages/admin/CustomOrderDetail.jsx
12:21:58 PM [vite] hmr update /src/pages/tailor/OrderDetail.jsx
12:22:15 PM [vite] hmr update /src/pages/Shop.jsx
12:22:15 PM [vite] hmr update /src/pages/ProductDetail.jsx
12:22:15 PM [vite] hmr update /src/pages/Checkout.jsx
12:22:15 PM [vite] hmr update /src/pages/account/CustomOrderDetail.jsx
12:22:15 PM [vite] hmr update /src/pages/admin/Products.jsx
12:22:15 PM [vite] hmr update /src/pages/admin/ProductForm.jsx
12:22:15 PM [vite] hmr update /src/pages/admin/CustomOrderDetail.jsx
12:22:15 PM [vite] hmr update /src/pages/tailor/OrderDetail.jsx
12:27:48 PM [vite] hmr update /src/pages/Cart.jsx
12:28:04 PM [vite] hmr update /src/pages/account/OrderDetail.jsx
12:28:31 PM [vite] hmr update /src/pages/CustomTailoring.jsx
12:39:26 PM [vite] hmr update /src/App.jsx, /src/components/ui/CustomerLayout.jsx, /src/pages/auth/Login.jsx, /src/components/admin/AdminLayout.jsx, /src/components/admin/TailorLayout.jsx, /src/pages/auth/Register.jsx, /src/pages/Shop.jsx, /src/pages/ProductDetail.jsx, /src/pages/Cart.jsx, /src/pages/CustomTailoring.jsx, /src/pages/Checkout.jsx, /src/pages/account/Dashboard.jsx, /src/pages/account/Profile.jsx, /src/pages/tailor/Dashboard.jsx, /src/components/ui/RoleGuard.jsx, /src/pages/auth/ForgotPassword.jsx, /src/pages/auth/ResetPassword.jsx, /src/pages/auth/VerifyOtp.jsx, /src/pages/Home.jsx, /src/pages/TrackOrder.jsx, /src/pages/BookAppointment.jsx, /src/pages/Appointments.jsx, /src/pages/account/MyOrders.jsx, /src/pages/Wholesale.jsx, /src/pages/account/CustomOrders.jsx, /src/pages/account/CustomOrderDetail.jsx, /src/pages/account/OrderDetail.jsx, /src/pages/account/MyAppointments.jsx, /src/pages/account/Addresses.jsx, /src/pages/account/Measurements.jsx, /src/pages/account/Notifications.jsx, /src/pages/admin/Dashboard.jsx, /src/pages/admin/Products.jsx, /src/pages/admin/ProductForm.jsx, /src/pages/admin/Orders.jsx, /src/pages/admin/Categories.jsx, /src/pages/admin/OrderDetail.jsx, /src/pages/admin/CustomOrders.jsx, /src/pages/admin/Inventory.jsx, /src/pages/admin/Appointments.jsx, /src/pages/admin/Wholesale.jsx, /src/pages/admin/Users.jsx, /src/pages/admin/CustomOrderDetail.jsx, /src/pages/admin/Banners.jsx, /src/pages/admin/Settings.jsx, /src/pages/admin/Reports.jsx, /src/pages/tailor/Orders.jsx, /src/pages/tailor/OrderDetail.jsx, /src/components/ui/ChatBot.jsx
12:39:26 PM [vite] hmr invalidate /src/components/ui/RoleGuard.jsx Could not Fast Refresh ("useRoleCheck" export is incompatible). Learn more at https://github.com/vitejs/vite-plugin-react/tree/main/packages/plugin-react#consistent-components-exports
12:39:26 PM [vite] hmr update /src/components/ui/RoleNavigation.jsx
12:39:44 PM [vite] hmr update /src/pages/admin/ProductForm.jsx
12:42:13 PM [vite] hmr update /src/App.jsx, /src/components/ui/CustomerLayout.jsx, /src/pages/auth/Login.jsx, /src/components/admin/AdminLayout.jsx, /src/components/admin/TailorLayout.jsx, /src/pages/auth/Register.jsx, /src/pages/Shop.jsx, /src/pages/ProductDetail.jsx, /src/pages/Cart.jsx, /src/pages/CustomTailoring.jsx, /src/pages/Checkout.jsx, /src/pages/account/Dashboard.jsx, /src/pages/account/Profile.jsx, /src/pages/tailor/Dashboard.jsx, /src/components/ui/RoleGuard.jsx, /src/pages/auth/ForgotPassword.jsx, /src/pages/auth/ResetPassword.jsx, /src/pages/auth/VerifyOtp.jsx, /src/pages/Home.jsx, /src/pages/TrackOrder.jsx, /src/pages/BookAppointment.jsx, /src/pages/Appointments.jsx, /src/pages/account/MyOrders.jsx, /src/pages/Wholesale.jsx, /src/pages/account/CustomOrders.jsx, /src/pages/account/CustomOrderDetail.jsx, /src/pages/account/OrderDetail.jsx, /src/pages/account/MyAppointments.jsx, /src/pages/account/Addresses.jsx, /src/pages/account/Measurements.jsx, /src/pages/account/Notifications.jsx, /src/pages/admin/Dashboard.jsx, /src/pages/admin/Products.jsx, /src/pages/admin/ProductForm.jsx, /src/pages/admin/Orders.jsx, /src/pages/admin/Categories.jsx, /src/pages/admin/OrderDetail.jsx, /src/pages/admin/CustomOrders.jsx, /src/pages/admin/Inventory.jsx, /src/pages/admin/Appointments.jsx, /src/pages/admin/Wholesale.jsx, /src/pages/admin/Users.jsx, /src/pages/admin/CustomOrderDetail.jsx, /src/pages/admin/Banners.jsx, /src/pages/admin/Settings.jsx, /src/pages/admin/Reports.jsx, /src/pages/tailor/Orders.jsx, /src/pages/tailor/OrderDetail.jsx, /src/components/ui/ChatBot.jsx
12:42:13 PM [vite] hmr invalidate /src/components/ui/RoleGuard.jsx Could not Fast Refresh ("useRoleCheck" export is incompatible). Learn more at https://github.com/vitejs/vite-plugin-react/tree/main/packages/plugin-react#consistent-components-exports
12:42:13 PM [vite] hmr update /src/components/ui/RoleNavigation.jsx
12:48:39 PM [vite] hmr update /src/pages/Home.jsx
12:50:03 PM [vite] hmr update /src/pages/admin/Wholesale.jsx
1:18:59 PM [vite] hmr update /src/pages/Checkout.jsx
